{
  "v1": {
    "config": {},
    "releaseName": "integration-test-docker",
    "upstream": "__upstream__",
    "metadata": {
      "applicationType": "replicated.app",
      "customerID": "__customerID__",
      "installationID": "__installationID__",
      "license": {
        "assignee": "",
        "createdAt": "0001-01-01T00:00:00Z",
        "expiresAt": "0001-01-01T00:00:00Z",
        "id": "",
        "type": ""
      },
      "releaseNotes": "",
      "sequence": 0,
      "version": "1.0.0-SNAPSHOT"
    },
    "contentSHA": "a7a367e40499c34031462f1eaba15c86947d1694b3a02fe56a1b37880d3b4aab"
  }
}
