kind: ""
apiversion: ""
patchesStrategicMerge:
- deployment.yaml
bases:
- ../defaults
