{
  "v1": {
    "config": {},
    "contentSHA": "deaf3417dc3eb72f3d2bd7cf7434153cc555e8609e5e48ccb28795b39e2e5d87",
    "releaseName": "integration-replicated-app-helm-github",
    "upstream": "__upstream__",
    "metadata": {
      "applicationType": "replicated.app",
      "customerID": "__customerID__",
      "installationID": "__installationID__",
      "license": {
        "assignee": "",
        "createdAt": "0001-01-01T00:00:00Z",
        "expiresAt": "0001-01-01T00:00:00Z",
        "id": "",
        "type": ""
      },
      "releaseNotes": "",
      "sequence": 0,
      "version": "1.0.1-SNAPSHOT"
    }
  }
}
