{
  "v1": {
    "config": {},
    "releaseName": "ship",
    "upstream": "https://github.com/jaegertracing/jaeger-kubernetes/blob/59e7afcae7b2f3bc109695cfda2a5c116cea4391/jaeger-production-template.yml",
    "upstreamContents": {
      "upstreamFiles": [
        {
          "filePath": "jaeger-production-template.yml",
          "fileContents": "IwojIENvcHlyaWdodCAyMDE3LTIwMTggVGhlIEphZWdlciBBdXRob3JzCiMKIyBMaWNlbnNlZCB1bmRlciB0aGUgQXBhY2hlIExpY2Vuc2UsIFZlcnNpb24gMi4wICh0aGUgIkxpY2Vuc2UiKTsgeW91IG1heSBub3QgdXNlIHRoaXMgZmlsZSBleGNlcHQKIyBpbiBjb21wbGlhbmNlIHdpdGggdGhlIExpY2Vuc2UuIFlvdSBtYXkgb2J0YWluIGEgY29weSBvZiB0aGUgTGljZW5zZSBhdAojCiMgaHR0cDovL3d3dy5hcGFjaGUub3JnL2xpY2Vuc2VzL0xJQ0VOU0UtMi4wCiMKIyBVbmxlc3MgcmVxdWlyZWQgYnkgYXBwbGljYWJsZSBsYXcgb3IgYWdyZWVkIHRvIGluIHdyaXRpbmcsIHNvZnR3YXJlIGRpc3RyaWJ1dGVkIHVuZGVyIHRoZSBMaWNlbnNlCiMgaXMgZGlzdHJpYnV0ZWQgb24gYW4gIkFTIElTIiBCQVNJUywgV0lUSE9VVCBXQVJSQU5USUVTIE9SIENPTkRJVElPTlMgT0YgQU5ZIEtJTkQsIGVpdGhlciBleHByZXNzCiMgb3IgaW1wbGllZC4gU2VlIHRoZSBMaWNlbnNlIGZvciB0aGUgc3BlY2lmaWMgbGFuZ3VhZ2UgZ292ZXJuaW5nIHBlcm1pc3Npb25zIGFuZCBsaW1pdGF0aW9ucyB1bmRlcgojIHRoZSBMaWNlbnNlLgojCgphcGlWZXJzaW9uOiB2MQpraW5kOiBMaXN0Cml0ZW1zOgotIGFwaVZlcnNpb246IGV4dGVuc2lvbnMvdjFiZXRhMQogIGtpbmQ6IERlcGxveW1lbnQKICBtZXRhZGF0YToKICAgIG5hbWU6IGphZWdlci1jb2xsZWN0b3IKICAgIGxhYmVsczoKICAgICAgYXBwOiBqYWVnZXIKICAgICAgamFlZ2VyLWluZnJhOiBjb2xsZWN0b3ItZGVwbG95bWVudAogIHNwZWM6CiAgICByZXBsaWNhczogMQogICAgc3RyYXRlZ3k6CiAgICAgIHR5cGU6IFJlY3JlYXRlCiAgICB0ZW1wbGF0ZToKICAgICAgbWV0YWRhdGE6CiAgICAgICAgbGFiZWxzOgogICAgICAgICAgYXBwOiBqYWVnZXIKICAgICAgICAgIGphZWdlci1pbmZyYTogY29sbGVjdG9yLXBvZAogICAgICAgIGFubm90YXRpb25zOgogICAgICAgICAgcHJvbWV0aGV1cy5pby9zY3JhcGU6ICJ0cnVlIgogICAgICAgICAgcHJvbWV0aGV1cy5pby9wb3J0OiAiMTQyNjgiCiAgICAgIHNwZWM6CiAgICAgICAgY29udGFpbmVyczoKICAgICAgICAtIGltYWdlOiBqYWVnZXJ0cmFjaW5nL2phZWdlci1jb2xsZWN0b3I6MS42LjAKICAgICAgICAgIG5hbWU6IGphZWdlci1jb2xsZWN0b3IKICAgICAgICAgIGFyZ3M6IFsiLS1jb25maWctZmlsZT0vY29uZi9jb2xsZWN0b3IueWFtbCJdCiAgICAgICAgICBwb3J0czoKICAgICAgICAgIC0gY29udGFpbmVyUG9ydDogMTQyNjcKICAgICAgICAgICAgcHJvdG9jb2w6IFRDUAogICAgICAgICAgLSBjb250YWluZXJQb3J0OiAxNDI2OAogICAgICAgICAgICBwcm90b2NvbDogVENQCiAgICAgICAgICAtIGNvbnRhaW5lclBvcnQ6IDk0MTEKICAgICAgICAgICAgcHJvdG9jb2w6IFRDUAogICAgICAgICAgcmVhZGluZXNzUHJvYmU6CiAgICAgICAgICAgIGh0dHBHZXQ6CiAgICAgICAgICAgICAgcGF0aDogIi8iCiAgICAgICAgICAgICAgcG9ydDogMTQyNjkKICAgICAgICAgIHZvbHVtZU1vdW50czoKICAgICAgICAgIC0gbmFtZTogamFlZ2VyLWNvbmZpZ3VyYXRpb24tdm9sdW1lCiAgICAgICAgICAgIG1vdW50UGF0aDogL2NvbmYKICAgICAgICAgIGVudjoKICAgICAgICAgIC0gbmFtZTogU1BBTl9TVE9SQUdFX1RZUEUKICAgICAgICAgICAgdmFsdWVGcm9tOgogICAgICAgICAgICAgIGNvbmZpZ01hcEtleVJlZjoKICAgICAgICAgICAgICAgIG5hbWU6IGphZWdlci1jb25maWd1cmF0aW9uCiAgICAgICAgICAgICAgICBrZXk6IHNwYW4tc3RvcmFnZS10eXBlCiAgICAgICAgdm9sdW1lczoKICAgICAgICAgIC0gY29uZmlnTWFwOgogICAgICAgICAgICAgIG5hbWU6IGphZWdlci1jb25maWd1cmF0aW9uCiAgICAgICAgICAgICAgaXRlbXM6CiAgICAgICAgICAgICAgICAtIGtleTogY29sbGVjdG9yCiAgICAgICAgICAgICAgICAgIHBhdGg6IGNvbGxlY3Rvci55YW1sCiAgICAgICAgICAgIG5hbWU6IGphZWdlci1jb25maWd1cmF0aW9uLXZvbHVtZQotIGFwaVZlcnNpb246IHYxCiAga2luZDogU2VydmljZQogIG1ldGFkYXRhOgogICAgbmFtZTogamFlZ2VyLWNvbGxlY3RvcgogICAgbGFiZWxzOgogICAgICBhcHA6IGphZWdlcgogICAgICBqYWVnZXItaW5mcmE6IGNvbGxlY3Rvci1zZXJ2aWNlCiAgc3BlYzoKICAgIHBvcnRzOgogICAgLSBuYW1lOiBqYWVnZXItY29sbGVjdG9yLXRjaGFubmVsCiAgICAgIHBvcnQ6IDE0MjY3CiAgICAgIHByb3RvY29sOiBUQ1AKICAgICAgdGFyZ2V0UG9ydDogMTQyNjcKICAgIC0gbmFtZTogamFlZ2VyLWNvbGxlY3Rvci1odHRwCiAgICAgIHBvcnQ6IDE0MjY4CiAgICAgIHByb3RvY29sOiBUQ1AKICAgICAgdGFyZ2V0UG9ydDogMTQyNjgKICAgIC0gbmFtZTogamFlZ2VyLWNvbGxlY3Rvci16aXBraW4KICAgICAgcG9ydDogOTQxMQogICAgICBwcm90b2NvbDogVENQCiAgICAgIHRhcmdldFBvcnQ6IDk0MTEKICAgIHNlbGVjdG9yOgogICAgICBqYWVnZXItaW5mcmE6IGNvbGxlY3Rvci1wb2QKICAgIHR5cGU6IENsdXN0ZXJJUAotIGFwaVZlcnNpb246IHYxCiAga2luZDogU2VydmljZQogIG1ldGFkYXRhOgogICAgbmFtZTogemlwa2luCiAgICBsYWJlbHM6CiAgICAgIGFwcDogamFlZ2VyCiAgICAgIGphZWdlci1pbmZyYTogemlwa2luLXNlcnZpY2UKICBzcGVjOgogICAgcG9ydHM6CiAgICAtIG5hbWU6IGphZWdlci1jb2xsZWN0b3Itemlwa2luCiAgICAgIHBvcnQ6IDk0MTEKICAgICAgcHJvdG9jb2w6IFRDUAogICAgICB0YXJnZXRQb3J0OiA5NDExCiAgICBzZWxlY3RvcjoKICAgICAgamFlZ2VyLWluZnJhOiBjb2xsZWN0b3ItcG9kCiAgICB0eXBlOiBDbHVzdGVySVAKLSBhcGlWZXJzaW9uOiBleHRlbnNpb25zL3YxYmV0YTEKICBraW5kOiBEZXBsb3ltZW50CiAgbWV0YWRhdGE6CiAgICBuYW1lOiBqYWVnZXItcXVlcnkKICAgIGxhYmVsczoKICAgICAgYXBwOiBqYWVnZXIKICAgICAgamFlZ2VyLWluZnJhOiBxdWVyeS1kZXBsb3ltZW50CiAgc3BlYzoKICAgIHJlcGxpY2FzOiAxCiAgICBzdHJhdGVneToKICAgICAgdHlwZTogUmVjcmVhdGUKICAgIHRlbXBsYXRlOgogICAgICBtZXRhZGF0YToKICAgICAgICBsYWJlbHM6CiAgICAgICAgICBhcHA6IGphZWdlcgogICAgICAgICAgamFlZ2VyLWluZnJhOiBxdWVyeS1wb2QKICAgICAgICBhbm5vdGF0aW9uczoKICAgICAgICAgIHByb21ldGhldXMuaW8vc2NyYXBlOiAidHJ1ZSIKICAgICAgICAgIHByb21ldGhldXMuaW8vcG9ydDogIjE2Njg2IgogICAgICBzcGVjOgogICAgICAgIGNvbnRhaW5lcnM6CiAgICAgICAgLSBpbWFnZTogamFlZ2VydHJhY2luZy9qYWVnZXItcXVlcnk6MS42LjAKICAgICAgICAgIG5hbWU6IGphZWdlci1xdWVyeQogICAgICAgICAgYXJnczogWyItLWNvbmZpZy1maWxlPS9jb25mL3F1ZXJ5LnlhbWwiXQogICAgICAgICAgcG9ydHM6CiAgICAgICAgICAtIGNvbnRhaW5lclBvcnQ6IDE2Njg2CiAgICAgICAgICAgIHByb3RvY29sOiBUQ1AKICAgICAgICAgIHJlYWRpbmVzc1Byb2JlOgogICAgICAgICAgICBodHRwR2V0OgogICAgICAgICAgICAgIHBhdGg6ICIvIgogICAgICAgICAgICAgIHBvcnQ6IDE2Njg3CiAgICAgICAgICB2b2x1bWVNb3VudHM6CiAgICAgICAgICAtIG5hbWU6IGphZWdlci1jb25maWd1cmF0aW9uLXZvbHVtZQogICAgICAgICAgICBtb3VudFBhdGg6IC9jb25mCiAgICAgICAgICBlbnY6CiAgICAgICAgICAtIG5hbWU6IFNQQU5fU1RPUkFHRV9UWVBFCiAgICAgICAgICAgIHZhbHVlRnJvbToKICAgICAgICAgICAgICBjb25maWdNYXBLZXlSZWY6CiAgICAgICAgICAgICAgICBuYW1lOiBqYWVnZXItY29uZmlndXJhdGlvbgogICAgICAgICAgICAgICAga2V5OiBzcGFuLXN0b3JhZ2UtdHlwZQogICAgICAgIHZvbHVtZXM6CiAgICAgICAgICAtIGNvbmZpZ01hcDoKICAgICAgICAgICAgICBuYW1lOiBqYWVnZXItY29uZmlndXJhdGlvbgogICAgICAgICAgICAgIGl0ZW1zOgogICAgICAgICAgICAgICAgLSBrZXk6IHF1ZXJ5CiAgICAgICAgICAgICAgICAgIHBhdGg6IHF1ZXJ5LnlhbWwKICAgICAgICAgICAgbmFtZTogamFlZ2VyLWNvbmZpZ3VyYXRpb24tdm9sdW1lCi0gYXBpVmVyc2lvbjogdjEKICBraW5kOiBTZXJ2aWNlCiAgbWV0YWRhdGE6CiAgICBuYW1lOiBqYWVnZXItcXVlcnkKICAgIGxhYmVsczoKICAgICAgYXBwOiBqYWVnZXIKICAgICAgamFlZ2VyLWluZnJhOiBxdWVyeS1zZXJ2aWNlCiAgc3BlYzoKICAgIHBvcnRzOgogICAgLSBuYW1lOiBqYWVnZXItcXVlcnkKICAgICAgcG9ydDogODAKICAgICAgcHJvdG9jb2w6IFRDUAogICAgICB0YXJnZXRQb3J0OiAxNjY4NgogICAgc2VsZWN0b3I6CiAgICAgIGphZWdlci1pbmZyYTogcXVlcnktcG9kCiAgICB0eXBlOiBMb2FkQmFsYW5jZXIKLSBhcGlWZXJzaW9uOiBleHRlbnNpb25zL3YxYmV0YTEKICBraW5kOiBEYWVtb25TZXQKICBtZXRhZGF0YToKICAgIG5hbWU6IGphZWdlci1hZ2VudAogICAgbGFiZWxzOgogICAgICBhcHA6IGphZWdlcgogICAgICBqYWVnZXItaW5mcmE6IGFnZW50LWRhZW1vbnNldAogIHNwZWM6CiAgICB0ZW1wbGF0ZToKICAgICAgbWV0YWRhdGE6CiAgICAgICAgbGFiZWxzOgogICAgICAgICAgYXBwOiBqYWVnZXIKICAgICAgICAgIGphZWdlci1pbmZyYTogYWdlbnQtaW5zdGFuY2UKICAgICAgICBhbm5vdGF0aW9uczoKICAgICAgICAgIHByb21ldGhldXMuaW8vc2NyYXBlOiAidHJ1ZSIKICAgICAgICAgIHByb21ldGhldXMuaW8vcG9ydDogIjU3NzgiCiAgICAgIHNwZWM6CiAgICAgICAgY29udGFpbmVyczoKICAgICAgICAtIG5hbWU6IGFnZW50LWluc3RhbmNlCiAgICAgICAgICBpbWFnZTogamFlZ2VydHJhY2luZy9qYWVnZXItYWdlbnQ6MS42LjAKICAgICAgICAgIGFyZ3M6IFsiLS1jb25maWctZmlsZT0vY29uZi9hZ2VudC55YW1sIl0KICAgICAgICAgIHZvbHVtZU1vdW50czoKICAgICAgICAgIC0gbmFtZTogamFlZ2VyLWNvbmZpZ3VyYXRpb24tdm9sdW1lCiAgICAgICAgICAgIG1vdW50UGF0aDogL2NvbmYKICAgICAgICAgIHBvcnRzOgogICAgICAgICAgLSBjb250YWluZXJQb3J0OiA1Nzc1CiAgICAgICAgICAgIHByb3RvY29sOiBVRFAKICAgICAgICAgIC0gY29udGFpbmVyUG9ydDogNjgzMQogICAgICAgICAgICBwcm90b2NvbDogVURQCiAgICAgICAgICAtIGNvbnRhaW5lclBvcnQ6IDY4MzIKICAgICAgICAgICAgcHJvdG9jb2w6IFVEUAogICAgICAgICAgLSBjb250YWluZXJQb3J0OiA1Nzc4CiAgICAgICAgICAgIHByb3RvY29sOiBUQ1AKICAgICAgICBob3N0TmV0d29yazogdHJ1ZQogICAgICAgIGRuc1BvbGljeTogQ2x1c3RlckZpcnN0V2l0aEhvc3ROZXQKICAgICAgICB2b2x1bWVzOgogICAgICAgICAgLSBjb25maWdNYXA6CiAgICAgICAgICAgICAgbmFtZTogamFlZ2VyLWNvbmZpZ3VyYXRpb24KICAgICAgICAgICAgICBpdGVtczoKICAgICAgICAgICAgICAgIC0ga2V5OiBhZ2VudAogICAgICAgICAgICAgICAgICBwYXRoOiBhZ2VudC55YW1sCiAgICAgICAgICAgIG5hbWU6IGphZWdlci1jb25maWd1cmF0aW9uLXZvbHVtZQo="
        }
      ]
    },
    "contentSHA": "c79a1cebf45d7c951171f3479e14e2c58bc8057602d576c2901bdfe1f1a93d50"
  }
}
