{
  "v1": {
    "config": {
      "additional_zones": "us-east1-c,us-east1-d",
      "cluster_name": "complex-cluster",
      "credentials": "{\n  \"type\": \"service_account\",\n  \"project_id\": \"my-project\",\n  ...\n}",
      "initial_node_count": "5",
      "machine_type": "n1-standard-4",
      "project": "my-project",
      "region": "us-east",
      "zone": "us-east1-b"
    },
    "releaseName": "ship",
    "metadata": {
      "applicationType": "replicated.app",
      "releaseNotes": "",
      "license": {
        "assignee": "",
        "createdAt": "0001-01-01T00:00:00Z",
        "expiresAt": "0001-01-01T00:00:00Z",
        "id": "",
        "type": ""
      },
      "sequence": 0,
      "version": "placeholder",
      "customerID": "placeholder",
      "installationID": "placeholder"
    },
    "contentSHA": "ec78ca854922f211c0d9f15223d31e634cead6d0661bba615f12a4d754650741",
    "upstream": "__upstream__"
  }
}
