{
  "v1": {
    "config": {},
    "releaseName": "ship",
    "upstream": "__upstream__",
    "upstreamContents": {
      "upstreamFiles": [
        {
          "filePath": "ship.yaml",
          "fileContents": "YXNzZXRzOgogIHYxOgogICAgLSBnaXRodWI6CiAgICAgICAgZGVzdDogYmFzZS9jb21tb24KICAgICAgICByZXBvOiBrdWJlcm5ldGVzL2luZ3Jlc3MtbmdpbngKICAgICAgICBwYXRoOiBkZXBsb3kvbWFuZGF0b3J5LnlhbWwKICAgICAgICByZWY6IG5naW54LTAuMjIuMAogICAgICAgIHByb3h5OiBmYWxzZQogICAgICAgIHN0cmlwX3BhdGg6IHRydWUKCiAgICAtIGdpdGh1YjoKICAgICAgICBkZXN0OiBiYXNlCiAgICAgICAgcmVwbzoga3ViZXJuZXRlcy9pbmdyZXNzLW5naW54CiAgICAgICAgcGF0aDogZGVwbG95L3Byb3ZpZGVyL2F3cy9zZXJ2aWNlLWw0LnlhbWwKICAgICAgICByZWY6IG5naW54LTAuMjIuMAogICAgICAgIHByb3h5OiBmYWxzZQogICAgICAgIHN0cmlwX3BhdGg6IHRydWUKCiAgICAtIGdpdGh1YjoKICAgICAgICBkZXN0OiBvdmVybGF5cy9jbG91ZAogICAgICAgIHJlcG86IGt1YmVybmV0ZXMvaW5ncmVzcy1uZ2lueAogICAgICAgIHBhdGg6IGRlcGxveS9wcm92aWRlci9hd3MvcGF0Y2gtY29uZmlnbWFwLWw0LnlhbWwKICAgICAgICByZWY6IG5naW54LTAuMjIuMAogICAgICAgIHByb3h5OiBmYWxzZQogICAgICAgIHN0cmlwX3BhdGg6IHRydWUKCiAgICAtIGlubGluZToKICAgICAgICBkZXN0OiAuL292ZXJsYXlzL2Nsb3VkL2t1c3RvbWl6YXRpb24ueWFtbAogICAgICAgIGNvbnRlbnRzOiB8CiAgICAgICAgICBraW5kOiAiIgogICAgICAgICAgYXBpdmVyc2lvbjogIiIKICAgICAgICAgIGJhc2VzOgogICAgICAgICAgICAtIC4uLy4uL2Jhc2UKICAgICAgICAgIHBhdGNoZXNTdHJhdGVnaWNNZXJnZToKICAgICAgICAgICAgLSAuL3BhdGNoLWNvbmZpZ21hcC1sNC55YW1sCgogICAgLSBpbmxpbmU6CiAgICAgICAgZGVzdDogLi9pbnN0YWxsZXIvLmdpdGtlZXAKICAgICAgICBjb250ZW50czogfAogICAgICAgICAgYSB3b3JrYXJvdW5kIGZvciB0aGUgZmFjdCB0aGF0IHNoaXAgYWx3YXlzIGNyZWF0ZXMgdGhlIGluc3RhbGxlciBkaXJlY3RvcnkKCmNvbmZpZzoKICB2MTogW10KCmxpZmVjeWNsZToKICB2MToKICAgIC0gcmVuZGVyOgogICAgICAgIHJvb3Q6IC4KCiAgICAtIGt1c3RvbWl6ZToKICAgICAgICByZXF1aXJlczogWyJyZW5kZXIiXQogICAgICAgIGJhc2U6IG92ZXJsYXlzL2Nsb3VkCiAgICAgICAgb3ZlcmxheTogb3ZlcmxheXMvc2hpcAogICAgICAgIGRlc3Q6IG5naW54LWluZ3Jlc3MtY29udHJvbGxlci55YW1sCiAgICAtIG1lc3NhZ2U6CiAgICAgICAgY29udGVudHM6ICJvdXRybyIK"
        }
      ]
    },
    "contentSHA": "59f50e9db68d84583c7661c55d0fe7a638623ee700853717644489938320aff4"
  }
}
