{
  "v1": {
    "config": {},
    "releaseName": "factorio",
    "helmValuesDefaults": "# Factorio image version\n# ref: https://quay.io/repository/games_on_k8s/factorio?tab=tags\nimage: quay.io/games_on_k8s/factorio\nimageTag: \"0.14.22\"\n\n# Configure resource requests and limits\n# ref: http://kubernetes.io/docs/user-guide/compute-resources/\nresources:\n  requests:\n    memory: 512Mi\n    cpu: 500m\n\n# Most of these map to environment variables. See docker-factorio for details:\n# https://github.com/games-on-k8s/docker-factorio/blob/master/README.md#environment-variable-reference\nfactorioServer:\n  name: Kubernetes Server\n  description: Factorio running on Kubernetes\n  port: 34197\n  # Lock this server down with a password.\n  # password: change.me\n  maxPlayers: 255\n  # Publishes this server in the server browser if true.\n  # You'll want to set Factorio.User below if true, as it becomes required.\n  isPublic: false\n  verifyIdentity: false\n  # Allows or disallows console commands. Must be one of: `true`, `false`, or `admins-only`.\n  allowCommands: admins-only\n  # Pause the server when nobody is connected?\n  noAutoPause: \"false\"\n  # You'll want to change this to NodePort if you are on AWS.\n  serviceType: LoadBalancer\n\n  autosave:\n    # Auto-save interval in minutes.\n    interval: 2\n    slots: 3\n\n  rcon:\n    enabled: false\n    port: 27015\n    # Empty value here enables an auto-generated password.\n    password: \"\"\n    serviceType: LoadBalancer\n\nfactorio:\n  # Your factorio.com User/pass is needed if factorioServer.IsPublic is true.\n  user:\n    username: your.username\n    password: your.password\n\npersistence:\n  ## factorio data Persistent Volume Storage Class\n  ## If defined, storageClassName: \u003cstorageClass\u003e\n  ## If set to \"-\", storageClassName: \"\", which disables dynamic provisioning\n  ## If undefined (the default) or set to null, no storageClassName spec is\n  ##   set, choosing the default provisioner.  (gp2 on AWS, standard on\n  ##   GKE, AWS \u0026 OpenStack)\n  ##\n  # storageClass: \"-\"\n  savedGames:\n    # Set this to false if you don't care to persist saved games between restarts.\n    enabled: true\n    size: 1Gi\n  mods:\n    enabled: false\n    size: 128Mi\n",
    "upstream": "https://github.com/helm/charts/tree/ffb84f85a861e765caade879491a75a6dd3091a5/stable/factorio",
    "metadata": {
      "applicationType": "helm",
      "sequence": 0,
      "icon": "https://us1.factorio.com/assets/img/factorio-logo.png",
      "name": "factorio",
      "releaseNotes": "Add appVersion key for factorio (#4718)\n\n* Add appVersion key for factorio\n\nThe key \"appVersion\" is needed for ci testing, it's missing in this yaml. That sometimes will cause testing failure.\n\n* Missing starting space in line 20\n\nMissing starting space in line 20",
      "version": "0.3.1",
      "license": {
        "id": "",
        "assignee": "",
        "createdAt": "0001-01-01T00:00:00Z",
        "expiresAt": "0001-01-01T00:00:00Z",
        "type": ""
      }
    },
    "upstreamContents": {
      "upstreamFiles": [
        {
          "filePath": ".helmignore",
          "fileContents": "IyBQYXR0ZXJucyB0byBpZ25vcmUgd2hlbiBidWlsZGluZyBwYWNrYWdlcy4KIyBUaGlzIHN1cHBvcnRzIHNoZWxsIGdsb2IgbWF0Y2hpbmcsIHJlbGF0aXZlIHBhdGggbWF0Y2hpbmcsIGFuZAojIG5lZ2F0aW9uIChwcmVmaXhlZCB3aXRoICEpLiBPbmx5IG9uZSBwYXR0ZXJuIHBlciBsaW5lLgouRFNfU3RvcmUKIyBDb21tb24gVkNTIGRpcnMKLmdpdC8KLmdpdGlnbm9yZQouYnpyLwouYnpyaWdub3JlCi5oZy8KLmhnaWdub3JlCi5zdm4vCiMgQ29tbW9uIGJhY2t1cCBmaWxlcwoqLnN3cAoqLmJhawoqLnRtcAoqfgojIFZhcmlvdXMgSURFcwoucHJvamVjdAouaWRlYS8KKi50bXByb2oK"
        },
        {
          "filePath": "Chart.yaml",
          "fileContents": "bmFtZTogZmFjdG9yaW8KdmVyc2lvbjogMC4zLjEKYXBwVmVyc2lvbjogMC4xNC4yMgpkZXNjcmlwdGlvbjogRmFjdG9yaW8gZGVkaWNhdGVkIHNlcnZlci4Ka2V5d29yZHM6Ci0gZ2FtZQotIHNlcnZlcgpob21lOiBodHRwczovL3d3dy5mYWN0b3Jpby5jb20vCmljb246IGh0dHBzOi8vdXMxLmZhY3RvcmlvLmNvbS9hc3NldHMvaW1nL2ZhY3RvcmlvLWxvZ28ucG5nCnNvdXJjZXM6Ci0gaHR0cHM6Ly9naXRodWIuY29tL2dhbWVzLW9uLWs4cy9kb2NrZXItZmFjdG9yaW8KbWFpbnRhaW5lcnM6Ci0gbmFtZTogR3JlZyBUYXlsb3IKICBlbWFpbDogZ3RheWxvckBnYy10YXlsb3IuY29tCg=="
        },
        {
          "filePath": "README.md",
          "fileContents": "IyBGYWN0b3JpbwoKW0ZhY3RvcmlvXShodHRwczovL3d3dy5mYWN0b3Jpby5jb20vKSBpcyBhIGdhbWUgaW4gd2hpY2ggeW91IGJ1aWxkIGFuZCBtYWludGFpbiBmYWN0b3JpZXMuCgojIyBJbnRyb2R1Y3Rpb24KClRoaXMgY2hhcnQgY3JlYXRlcyBhIHNpbmdsZSBbRmFjdG9yaW8gSGVhZGxlc3NdKGh0dHBzOi8vd3d3LmZhY3RvcmlvLmNvbS9kb3dubG9hZC1oZWFkbGVzcykgUG9kLCBwbHVzIFNlcnZpY2VzIGZvciB0aGUgRmFjdG9yaW8gc2VydmVyIGFuZCBSQ09OLgoKIyMgUHJlcmVxdWlzaXRlcwoKLSBLdWJlcm5ldGVzIDEuNCsgd2l0aCBCZXRhIEFQSXMgZW5hYmxlZAotIFBWIHByb3Zpc2lvbmVyIHN1cHBvcnQgaW4gdGhlIHVuZGVybHlpbmcgaW5mcmFzdHJ1Y3R1cmUKCiMjIFByb3ZpZGVyLXNwZWNpZmljIFByZXJlcXVpc2l0ZXMKCkFtYXpvbidzIEVsYXN0aWMgTG9hZGJhbGFuY2VyIGxhY2tzIHN1cHBvcnQgZm9yIFVEUC4gWW91J2xsIG5lZWQgdG8gc2V0IGBmYWN0b3Jpb1NlcnZlci5TZXJ2aWNlVHlwZWAgdG8gYE5vZGVQb3J0YCBhbmQgZXhwb3NlIHRoZSBwb3J0IHRoYXQgZ2V0cyBzZWxlY3RlZCAoc2VlIGBrdWJlY3RsIGRlc2NyaWJlIHN2YyA8c2VydmljZW5hbWU+YCkgdmlhIGEgc2VjdXJpdHkgZ3JvdXAuIFlvdSBtYXkgbmVlZCB0byBkbyBzb21ldGhpbmcgc2ltaWxhciBmb3IgY2VydGFpbiBiYXJlIG1ldGFsIGRlcGxveW1lbnRzLgoKWW91IG5lZWQgbm90IHdvcnJ5IGFib3V0IHRoaXMgb24gR29vZ2xlIENsb3VkIFBsYXRmb3JtLgoKIyMgSW5zdGFsbGluZyB0aGUgQ2hhcnQKClRvIGluc3RhbGwgdGhlIGNoYXJ0IHdpdGggdGhlIHJlbGVhc2UgbmFtZSBgbXktcmVsZWFzZWA6CgpgYGBiYXNoCiQgaGVsbSBpbnN0YWxsIC0tbmFtZSBteS1yZWxlYXNlIHN0YWJsZS9mYWN0b3JpbwpgYGAKClRoaXMgY29tbWFuZCBkZXBsb3lzIGEgRmFjdG9yaW8gZGVkaWNhdGVkIHNlcnZlciB3aXRoIHNhbmUgZGVmYXVsdHMuCgo+ICoqVGlwKio6IExpc3QgYWxsIHJlbGVhc2VzIHVzaW5nIGBoZWxtIGxpc3RgCgojIyBVbmluc3RhbGxpbmcgdGhlIENoYXJ0CgpUbyB1bmluc3RhbGwvZGVsZXRlIHRoZSBgbXktcmVsZWFzZWAgZGVwbG95bWVudDoKCmBgYGJhc2gKJCBoZWxtIGRlbGV0ZSBteS1yZWxlYXNlCmBgYAoKVGhlIGNvbW1hbmQgcmVtb3ZlcyBhbGwgdGhlIEt1YmVybmV0ZXMgY29tcG9uZW50cyBhc3NvY2lhdGVkIHdpdGggdGhlIGNoYXJ0IGFuZCBkZWxldGVzIHRoZSByZWxlYXNlLgoKIyMgQ29uZmlndXJhdGlvbgoKUmVmZXIgdG8gW3ZhbHVlcy55YW1sXSh2YWx1ZXMueWFtbCkgZm9yIHRoZSBmdWxsIHJ1bi1kb3duIG9uIGRlZmF1bHRzLiBUaGVzZSBhcmUgYSBtaXh0dXJlIG9mIEt1YmVybmV0ZXMgYW5kIEZhY3RvcmlvLXJlbGF0ZWQgZGlyZWN0aXZlcyB0aGF0IG1hcCB0byBlbnZpcm9ubWVudCB2YXJpYWJsZXMgaW4gW2RvY2tlci1mYWN0b3Jpb10oaHR0cHM6Ly9naXRodWIuY29tL2dhbWVzLW9uLWs4cy9kb2NrZXItZmFjdG9yaW8pLgoKU3BlY2lmeSBlYWNoIHBhcmFtZXRlciB1c2luZyB0aGUgYC0tc2V0IGtleT12YWx1ZVssa2V5PXZhbHVlXWAgYXJndW1lbnQgdG8gYGhlbG0gaW5zdGFsbGAuIEZvciBleGFtcGxlLAoKYGBgYmFzaAokIGhlbG0gaW5zdGFsbCAtLW5hbWUgbXktcmVsZWFzZSBcCiAgLS1zZXQgZmFjdG9yaW9TZXJ2ZXIuZmFjdG9yaW9TZXJ2ZXI9TXkgU2VydmVyLEltYWdlVGFnPTAuMTQuMTUgXAogICAgc3RhYmxlL2ZhY3RvcmlvCmBgYAoKVGhlIGFib3ZlIGNvbW1hbmQgZGVwbG95cyBGYWN0b3JpbyBkZWRpY2F0ZWQgd2l0aCBhIHNlcnZlciBuYW1lIG9mIGBNeSBTZXJ2ZXJgIGFuZCBkb2NrZXItZmFjdG9yaW8gaW1hZ2UgdmVyc2lvbiBgMC4xNC4xNWAuCgpBbHRlcm5hdGl2ZWx5LCBhIFlBTUwgZmlsZSB0aGF0IHNwZWNpZmllcyB0aGUgdmFsdWVzIGZvciB0aGUgcGFyYW1ldGVycyBjYW4gYmUgcHJvdmlkZWQgd2hpbGUgaW5zdGFsbGluZyB0aGUgY2hhcnQuIEZvciBleGFtcGxlLAoKYGBgYmFzaAokIGhlbG0gaW5zdGFsbCAtLW5hbWUgbXktcmVsZWFzZSAtZiB2YWx1ZXMueWFtbCBzdGFibGUvZmFjdG9yaW8KYGBgCgo+ICoqVGlwKio6IFlvdSBjYW4gdXNlIHRoZSBkZWZhdWx0IFt2YWx1ZXMueWFtbF0odmFsdWVzLnlhbWwpCgojIyBQZXJzaXN0ZW5jZQoKVGhlIFtkb2NrZXItZmFjdG9yaW9dKGh0dHBzOi8vZ2l0aHViLmNvbS9nYW1lcy1vbi1rOHMvZG9ja2VyLWZhY3RvcmlvKSBpbWFnZSBzdG9yZXMgdGhlIHNhdmVkIGdhbWVzIGFuZCBtb2RzIHVuZGVyIC9vcHQvZmFjdG9yaW8uCgpCeSBkZWZhdWx0IGEgUGVyc2lzdGVudFZvbHVtZUNsYWltIGlzIGNyZWF0ZWQgYW5kIG1vdW50ZWQgZm9yIHNhdmVzIGJ1dCBub3QgbW9kcy4gSW4gb3JkZXIgdG8gZGlzYWJsZSB0aGlzIGZ1bmN0aW9uYWxpdHkKeW91IGNhbiBjaGFuZ2UgdGhlIHZhbHVlcy55YW1sIHRvIGRpc2FibGUgcGVyc2lzdGVuY2UgdW5kZXIgdGhlIHN1Yi1zZWN0aW9ucyB1bmRlciBgUGVyc2lzdGVuY2VgLgoKPiAqIkFuIGVtcHR5RGlyIHZvbHVtZSBpcyBmaXJzdCBjcmVhdGVkIHdoZW4gYSBQb2QgaXMgYXNzaWduZWQgdG8gYSBOb2RlLCBhbmQgZXhpc3RzIGFzIGxvbmcgYXMgdGhhdCBQb2QgaXMgcnVubmluZyBvbiB0aGF0IG5vZGUuIFdoZW4gYSBQb2QgaXMgcmVtb3ZlZCBmcm9tIGEgbm9kZSBmb3IgYW55IHJlYXNvbiwgdGhlIGRhdGEgaW4gdGhlIGVtcHR5RGlyIGlzIGRlbGV0ZWQgZm9yZXZlci4iKgo="
        },
        {
          "filePath": "templates/NOTES.txt",
          "fileContents": "R2V0IHRoZSBJUCBhZGRyZXNzIG9mIHlvdXIgRmFjdG9yaW8gc2VydmVyIGJ5IHJ1bm5pbmcgdGhlc2UgY29tbWFuZHMgaW4gdGhlCnNhbWUgc2hlbGw6Cgp7ey0gaWYgY29udGFpbnMgIk5vZGVQb3J0IiAuVmFsdWVzLmZhY3RvcmlvU2VydmVyLnNlcnZpY2VUeXBlIH19CiAgZXhwb3J0IE5PREVfUE9SVD0kKGt1YmVjdGwgZ2V0IC0tbmFtZXNwYWNlIHt7IC5SZWxlYXNlLk5hbWVzcGFjZSB9fSBcCiAgICAtbyBqc29ucGF0aD0iey5zcGVjLnBvcnRzWzBdLm5vZGVQb3J0fSIgc2VydmljZXMge3sgdGVtcGxhdGUgImZhY3RvcmlvLmZ1bGxuYW1lIiAuIH19KQogIGV4cG9ydCBOT0RFX0lQPSQoa3ViZWN0bCBnZXQgbm9kZXMgLS1uYW1lc3BhY2Uge3sgLlJlbGVhc2UuTmFtZXNwYWNlIH19IFwKICAgIC1vIGpzb25wYXRoPSJ7Lml0ZW1zWzBdLnN0YXR1cy5hZGRyZXNzZXNbMF0uYWRkcmVzc30iKQogIGVjaG8gIllvdSdsbCBuZWVkIHRvIGV4cG9zZSB0aGlzIG5vZGUgdGhyb3VnaCB5b3VyIHNlY3VyaXR5IGdyb3Vwcy9maXJld2FsbCIKICBlY2hvICJmb3IgaXQgdG8gYmUgd29ybGQtYWNjZXNzaWJsZS4iCiAgZWNobyAkTk9ERV9JUDokTk9ERV9QT1JUCgp7ey0gZWxzZSBpZiBjb250YWlucyAiTG9hZEJhbGFuY2VyIiAuVmFsdWVzLmZhY3RvcmlvU2VydmVyLnNlcnZpY2VUeXBlIH19CiEhIE5PVEU6IEl0IG1heSB0YWtlIGEgZmV3IG1pbnV0ZXMgZm9yIHRoZSBMb2FkQmFsYW5jZXIgSVAgdG8gYmUgYXZhaWxhYmxlLgoKISEgTk9URTogSWYgeW91IGluc3RhbGxlZCB0aGlzIG9uIGFuIEFXUyBjbHVzdGVyLCB5b3VyIGdhbWUgd2lsbCBiZQogICB1bi1yZWFjaGFibGUuIEFXUyBFTEIgZG9lcyBub3Qgc3VwcG9ydCBVRFAuIFlvdSdsbCBuZWVkIHRvIHVzZSBhIE5vZGVQb3J0CiAgIHZhbHVlIGZvciBmYWN0b3Jpb1NlcnZlci5zZXJ2aWNlVHlwZS4gU2VlIHRoZSBSRUFETUUubWQgZm9yIG1vcmUgaW5mby4KCllvdSBjYW4gd2F0Y2ggZm9yIEVYVEVSTkFMLUlQIHRvIHBvcHVsYXRlIGJ5IHJ1bm5pbmc6CiAga3ViZWN0bCBnZXQgc3ZjIC0tbmFtZXNwYWNlIHt7IC5SZWxlYXNlLk5hbWVzcGFjZSB9fSAtdyB7eyB0ZW1wbGF0ZSAiZmFjdG9yaW8uZnVsbG5hbWUiIC4gfX0KCnt7LSBlbHNlIGlmIGNvbnRhaW5zICJDbHVzdGVySVAiIC5WYWx1ZXMuZmFjdG9yaW9TZXJ2ZXIuc2VydmljZVR5cGUgfX0KICBleHBvcnQgUE9EX05BTUU9JChrdWJlY3RsIGdldCBwb2RzIFwKICAgIC0tbmFtZXNwYWNlIHt7IC5SZWxlYXNlLk5hbWVzcGFjZSB9fSBcCiAgICAtbCAiY29tcG9uZW50PXt7IHRlbXBsYXRlICJmYWN0b3Jpby5mdWxsbmFtZSIgLiB9fSIgXAogICAgLW8ganNvbnBhdGg9InsuaXRlbXNbMF0ubWV0YWRhdGEubmFtZX0iKQogIGt1YmVjdGwgcG9ydC1mb3J3YXJkICRQT0RfTkFNRSAzNDE5NzozNDE5NwogIGVjaG8gIlBvaW50IHlvdXIgTWluZWNyYWZ0IGNsaWVudCBhdCAxMjcuMC4wLjE6MzQxOTciCgp7ey0gZW5kIH19Cgp7ey0gaWYgLlZhbHVlcy5wZXJzaXN0ZW5jZS5zYXZlZEdhbWVzLmVuYWJsZWQgfX0Ke3stIGVsc2UgfX0KIyMjIyMjIyMjIyMjIyMjIyMjIyMjIyMjIyMjIyMjIyMjIyMjIyMjIyMjIyMjIyMjIyMjIyMjIyMjIyMjIyMjIyMjIyMjIyMjIyMjIwojIyMgICBXQVJOSU5HOiBQZXJzaXN0ZW5jZSBpcyBkaXNhYmxlZCEhISBZb3Ugd2lsbCBsb3NlIHlvdXIgZ2FtZSBzdGF0ZSAgIyMjCiMjIyAgICAgICAgICAgICAgICB3aGVuIHRoZSBGYWN0b3JpbyBwb2QgaXMgdGVybWluYXRlZC4gICAgICAgICAgICAgICAgICAjIyMKIyMjICAgICBTZWUgdmFsdWVzLnlhbWwncyBQZXJzaXN0ZW5jZS5TYXZlZEdhbWVzLkVuYWJsZWQgZGlyZWN0aXZlLiAgICAgICMjIwojIyMjIyMjIyMjIyMjIyMjIyMjIyMjIyMjIyMjIyMjIyMjIyMjIyMjIyMjIyMjIyMjIyMjIyMjIyMjIyMjIyMjIyMjIyMjIyMjIyMjCnt7LSBlbmQgfX0K"
        },
        {
          "filePath": "templates/_helpers.tpl",
          "fileContents": "e3svKiB2aW06IHNldCBmaWxldHlwZT1tdXN0YWNoZTogKi99fQp7ey8qCkV4cGFuZCB0aGUgbmFtZSBvZiB0aGUgY2hhcnQuCiovfX0Ke3stIGRlZmluZSAiZmFjdG9yaW8ubmFtZSIgLX19Cnt7LSBkZWZhdWx0IC5DaGFydC5OYW1lIC5WYWx1ZXMubmFtZU92ZXJyaWRlIHwgdHJ1bmMgNjMgfCB0cmltU3VmZml4ICItIiAtfX0Ke3stIGVuZCAtfX0KCnt7LyoKQ3JlYXRlIGEgZGVmYXVsdCBmdWxseSBxdWFsaWZpZWQgYXBwIG5hbWUuCldlIHRydW5jYXRlIGF0IDYzIGNoYXJzIGJlY2F1c2Ugc29tZSBLdWJlcm5ldGVzIG5hbWUgZmllbGRzIGFyZSBsaW1pdGVkIHRvIHRoaXMgKGJ5IHRoZSBETlMgbmFtaW5nIHNwZWMpLgoqL319Cnt7LSBkZWZpbmUgImZhY3RvcmlvLmZ1bGxuYW1lIiAtfX0Ke3stICRuYW1lIDo9IGRlZmF1bHQgLkNoYXJ0Lk5hbWUgLlZhbHVlcy5uYW1lT3ZlcnJpZGUgLX19Cnt7LSBwcmludGYgIiVzLSVzIiAuUmVsZWFzZS5OYW1lICRuYW1lIHwgdHJ1bmMgNjMgfCB0cmltU3VmZml4ICItIiAtfX0Ke3stIGVuZCAtfX0K"
        },
        {
          "filePath": "templates/deployment.yaml",
          "fileContents": "YXBpVmVyc2lvbjogZXh0ZW5zaW9ucy92MWJldGExCmtpbmQ6IERlcGxveW1lbnQKbWV0YWRhdGE6CiAgbmFtZToge3sgdGVtcGxhdGUgImZhY3RvcmlvLmZ1bGxuYW1lIiAuIH19CiAgbGFiZWxzOgogICAgYXBwOiB7eyB0ZW1wbGF0ZSAiZmFjdG9yaW8uZnVsbG5hbWUiIC4gfX0KICAgIGNoYXJ0OiAie3sgLkNoYXJ0Lk5hbWUgfX0te3sgLkNoYXJ0LlZlcnNpb24gfX0iCiAgICByZWxlYXNlOiAie3sgLlJlbGVhc2UuTmFtZSB9fSIKICAgIGhlcml0YWdlOiAie3sgLlJlbGVhc2UuU2VydmljZSB9fSIKc3BlYzoKICB0ZW1wbGF0ZToKICAgIG1ldGFkYXRhOgogICAgICBsYWJlbHM6CiAgICAgICAgYXBwOiB7eyB0ZW1wbGF0ZSAiZmFjdG9yaW8uZnVsbG5hbWUiIC4gfX0KICAgIHNwZWM6CiAgICAgIGNvbnRhaW5lcnM6CiAgICAgIC0gbmFtZToge3sgdGVtcGxhdGUgImZhY3RvcmlvLmZ1bGxuYW1lIiAuIH19CiAgICAgICAgaW1hZ2U6ICJ7eyAuVmFsdWVzLmltYWdlIH19Ont7IC5WYWx1ZXMuaW1hZ2VUYWcgfX0iCiAgICAgICAgaW1hZ2VQdWxsUG9saWN5OiBBbHdheXMKICAgICAgICByZXNvdXJjZXM6Cnt7IHRvWWFtbCAuVmFsdWVzLnJlc291cmNlcyB8IGluZGVudCAxMCB9fQogICAgICAgIGVudjoKICAgICAgICAtIG5hbWU6IEZBQ1RPUklPX1NFUlZFUl9OQU1FCiAgICAgICAgICB2YWx1ZToge3sgLlZhbHVlcy5mYWN0b3Jpb1NlcnZlci5uYW1lIHwgcXVvdGUgfX0KICAgICAgICAtIG5hbWU6IEZBQ1RPUklPX0RFU0NSSVBUSU9OCiAgICAgICAgICB2YWx1ZToge3sgLlZhbHVlcy5mYWN0b3Jpb1NlcnZlci5kZXNjcmlwdGlvbiB8IHF1b3RlIH19CiAgICAgICAgLSBuYW1lOiBGQUNUT1JJT19QT1JUCiAgICAgICAgICB2YWx1ZToge3sgLlZhbHVlcy5mYWN0b3Jpb1NlcnZlci5wb3J0IHwgcXVvdGUgfX0KICAgICAgICAtIG5hbWU6IEZBQ1RPUklPX01BWF9QTEFZRVJTCiAgICAgICAgICB2YWx1ZToge3sgLlZhbHVlcy5mYWN0b3Jpb1NlcnZlci5tYXhQbGF5ZXJzIHwgcXVvdGUgfX0KICAgICAgICAtIG5hbWU6IEZBQ1RPUklPX0lTX1BVQkxJQwogICAgICAgICAgdmFsdWU6IHt7IC5WYWx1ZXMuZmFjdG9yaW9TZXJ2ZXIuaXNQdWJsaWMgfCBxdW90ZSB9fQogICAgICAgIC0gbmFtZTogRkFDVE9SSU9fUkVRVUlSRV9VU0VSX1ZFUklGSUNBVElPTgogICAgICAgICAgdmFsdWU6IHt7IC5WYWx1ZXMuZmFjdG9yaW9TZXJ2ZXIudmVyaWZ5SWRlbnRpdHkgfCBxdW90ZSB9fQogICAgICAgIC0gbmFtZTogRkFDVE9SSU9fQUxMT1dfQ09NTUFORFMKICAgICAgICAgIHZhbHVlOiB7eyAuVmFsdWVzLmZhY3RvcmlvU2VydmVyLmFsbG93Q29tbWFuZHMgfCBxdW90ZSB9fQogICAgICAgIC0gbmFtZTogRkFDVE9SSU9fTk9fQVVUT19QQVVTRQogICAgICAgICAgdmFsdWU6IHt7IC5WYWx1ZXMuZmFjdG9yaW9TZXJ2ZXIubm9BdXRvUGF1c2UgfCBxdW90ZSB9fQogICAgICAgIC0gbmFtZTogRkFDVE9SSU9fQVVUT1NBVkVfSU5URVJWQUwKICAgICAgICAgIHZhbHVlOiB7eyAuVmFsdWVzLmZhY3RvcmlvU2VydmVyLmF1dG9zYXZlLmludGVydmFsIHwgcXVvdGUgfX0KICAgICAgICAtIG5hbWU6IEZBQ1RPUklPX0FVVE9TQVZFX1NMT1RTCiAgICAgICAgICB2YWx1ZToge3sgLlZhbHVlcy5mYWN0b3Jpb1NlcnZlci5hdXRvc2F2ZS5zbG90cyB8IHF1b3RlIH19CgogICAgICAgIHt7LSBpZiAuVmFsdWVzLmZhY3RvcmlvU2VydmVyLnBhc3N3b3JkIH19CiAgICAgICAgLSBuYW1lOiBGQUNUT1JJT19HQU1FX1BBU1NXT1JECiAgICAgICAgICB2YWx1ZUZyb206CiAgICAgICAgICAgIHNlY3JldEtleVJlZjoKICAgICAgICAgICAgICBuYW1lOiB7eyB0ZW1wbGF0ZSAiZmFjdG9yaW8uZnVsbG5hbWUiIC4gfX0KICAgICAgICAgICAgICBrZXk6IHNlcnZlci1wYXNzd29yZAogICAgICAgIHt7LSBlbmQgfX0KCiAgICAgICAge3stIGlmIC5WYWx1ZXMuZmFjdG9yaW9TZXJ2ZXIuaXNQdWJsaWMgfX0KICAgICAgICAtIG5hbWU6IEZBQ1RPUklPX1VTRVJfVVNFUk5BTUUKICAgICAgICAgIHZhbHVlRnJvbToKICAgICAgICAgICAgc2VjcmV0S2V5UmVmOgogICAgICAgICAgICAgIG5hbWU6IHt7IHRlbXBsYXRlICJmYWN0b3Jpby5mdWxsbmFtZSIgLiB9fQogICAgICAgICAgICAgIGtleTogZmFjdG9yaW8tdXNlcm5hbWUKICAgICAgICAtIG5hbWU6IEZBQ1RPUklPX1VTRVJfUEFTU1dPUkQKICAgICAgICAgIHZhbHVlRnJvbToKICAgICAgICAgICAgc2VjcmV0S2V5UmVmOgogICAgICAgICAgICAgIG5hbWU6IHt7IHRlbXBsYXRlICJmYWN0b3Jpby5mdWxsbmFtZSIgLiB9fQogICAgICAgICAgICAgIGtleTogZmFjdG9yaW8tcGFzc3dvcmQKICAgICAgICB7ey0gZW5kIH19CgogICAgICAgIHt7LSBpZiAuVmFsdWVzLmZhY3RvcmlvU2VydmVyLnJjb24uZW5hYmxlZCB9fQogICAgICAgIC0gbmFtZTogRkFDVE9SSU9fUkNPTl9QQVNTV09SRAogICAgICAgICAgdmFsdWVGcm9tOgogICAgICAgICAgICBzZWNyZXRLZXlSZWY6CiAgICAgICAgICAgICAgbmFtZToge3sgdGVtcGxhdGUgImZhY3RvcmlvLmZ1bGxuYW1lIiAuIH19CiAgICAgICAgICAgICAga2V5OiByY29uLXBhc3N3b3JkCiAgICAgICAge3stIGVuZCB9fQoKICAgICAgICBwb3J0czoKICAgICAgICAtIG5hbWU6IGZhY3RvcmlvCiAgICAgICAgICBjb250YWluZXJQb3J0OiAzNDE5NwogICAgICAgICAgcHJvdG9jb2w6IFVEUAogICAgICAgIHt7LSBpZiAuVmFsdWVzLmZhY3RvcmlvU2VydmVyLnJjb24uZW5hYmxlZCB9fQogICAgICAgIC0gbmFtZTogcmNvbgogICAgICAgICAgY29udGFpbmVyUG9ydDoge3sgLlZhbHVlcy5mYWN0b3Jpb1NlcnZlci5yY29uLnBvcnQgfX0KICAgICAgICAgIHByb3RvY29sOiBUQ1AKICAgICAgICB7ey0gZW5kIH19CiAgICAgICAgdm9sdW1lTW91bnRzOgogICAgICAgIC0gbmFtZTogc2F2ZXMKICAgICAgICAgIG1vdW50UGF0aDogL29wdC9mYWN0b3Jpby9zYXZlcwogICAgICAgIC0gbmFtZTogbW9kcwogICAgICAgICAgbW91bnRQYXRoOiAvb3B0L2ZhY3RvcmlvL21vZHMKICAgICAgdm9sdW1lczoKICAgICAgLSBuYW1lOiBzYXZlcwogICAgICB7ey0gaWYgLlZhbHVlcy5wZXJzaXN0ZW5jZS5zYXZlZEdhbWVzLmVuYWJsZWQgfX0KICAgICAgICBwZXJzaXN0ZW50Vm9sdW1lQ2xhaW06CiAgICAgICAgICBjbGFpbU5hbWU6IHt7IHRlbXBsYXRlICJmYWN0b3Jpby5mdWxsbmFtZSIgLiB9fS1zYXZlZGdhbWVzCiAgICAgIHt7LSBlbHNlIH19CiAgICAgICAgZW1wdHlEaXI6IHt9CiAgICAgIHt7LSBlbmQgfX0KICAgICAgLSBuYW1lOiBtb2RzCiAgICAgIHt7LSBpZiAuVmFsdWVzLnBlcnNpc3RlbmNlLm1vZHMuZW5hYmxlZCB9fQogICAgICAgIHBlcnNpc3RlbnRWb2x1bWVDbGFpbToKICAgICAgICAgIGNsYWltTmFtZToge3sgdGVtcGxhdGUgImZhY3RvcmlvLmZ1bGxuYW1lIiAuIH19LW1vZHMKICAgICAge3stIGVsc2UgfX0KICAgICAgICBlbXB0eURpcjoge30KICAgICAge3stIGVuZCB9fQo="
        },
        {
          "filePath": "templates/factorio-svc.yaml",
          "fileContents": "YXBpVmVyc2lvbjogdjEKa2luZDogU2VydmljZQptZXRhZGF0YToKICBuYW1lOiB7eyB0ZW1wbGF0ZSAiZmFjdG9yaW8uZnVsbG5hbWUiIC4gfX0KICBsYWJlbHM6CiAgICBhcHA6IHt7IHRlbXBsYXRlICJmYWN0b3Jpby5mdWxsbmFtZSIgLiB9fQogICAgY2hhcnQ6ICJ7eyAuQ2hhcnQuTmFtZSB9fS17eyAuQ2hhcnQuVmVyc2lvbiB9fSIKICAgIHJlbGVhc2U6ICJ7eyAuUmVsZWFzZS5OYW1lIH19IgogICAgaGVyaXRhZ2U6ICJ7eyAuUmVsZWFzZS5TZXJ2aWNlIH19IgpzcGVjOgogIHR5cGU6IHt7IC5WYWx1ZXMuZmFjdG9yaW9TZXJ2ZXIuc2VydmljZVR5cGUgfX0KICBwb3J0czoKICAtIG5hbWU6IGZhY3RvcmlvCiAgICBwb3J0OiB7eyAuVmFsdWVzLmZhY3RvcmlvU2VydmVyLnBvcnQgfCBpbnQgfX0KICAgIHRhcmdldFBvcnQ6IGZhY3RvcmlvCiAgICBwcm90b2NvbDogVURQCiAgc2VsZWN0b3I6CiAgICBhcHA6IHt7IHRlbXBsYXRlICJmYWN0b3Jpby5mdWxsbmFtZSIgLiB9fQo="
        },
        {
          "filePath": "templates/mods-pvc.yaml",
          "fileContents": "e3stIGlmIC5WYWx1ZXMucGVyc2lzdGVuY2UubW9kcy5lbmFibGVkIC19fQpraW5kOiBQZXJzaXN0ZW50Vm9sdW1lQ2xhaW0KYXBpVmVyc2lvbjogdjEKbWV0YWRhdGE6CiAgbmFtZToge3sgdGVtcGxhdGUgImZhY3RvcmlvLmZ1bGxuYW1lIiAuIH19LW1vZHMKICBsYWJlbHM6CiAgICBhcHA6IHt7IHRlbXBsYXRlICJmYWN0b3Jpby5mdWxsbmFtZSIgLiB9fQogICAgY2hhcnQ6ICJ7eyAuQ2hhcnQuTmFtZSB9fS17eyAuQ2hhcnQuVmVyc2lvbiB9fSIKICAgIHJlbGVhc2U6ICJ7eyAuUmVsZWFzZS5OYW1lIH19IgogICAgaGVyaXRhZ2U6ICJ7eyAuUmVsZWFzZS5TZXJ2aWNlIH19IgpzcGVjOgogIGFjY2Vzc01vZGVzOgogICAgLSBSZWFkV3JpdGVPbmNlCiAgcmVzb3VyY2VzOgogICAgcmVxdWVzdHM6CiAgICAgIHN0b3JhZ2U6IHt7IC5WYWx1ZXMucGVyc2lzdGVuY2UubW9kcy5zaXplIHwgcXVvdGUgfX0Ke3stIGlmIC5WYWx1ZXMucGVyc2lzdGVuY2Uuc3RvcmFnZUNsYXNzIH19Cnt7LSBpZiAoZXEgIi0iIC5WYWx1ZXMucGVyc2lzdGVuY2Uuc3RvcmFnZUNsYXNzKSB9fQogIHN0b3JhZ2VDbGFzc05hbWU6ICIiCnt7LSBlbHNlIH19CiAgc3RvcmFnZUNsYXNzTmFtZTogInt7IC5WYWx1ZXMucGVyc2lzdGVuY2Uuc3RvcmFnZUNsYXNzIH19Igp7ey0gZW5kIH19Cnt7LSBlbmQgfX0Ke3stIGVuZCAtfX0K"
        },
        {
          "filePath": "templates/rcon-svc.yaml",
          "fileContents": "e3stIGlmIGRlZmF1bHQgIiIgLlZhbHVlcy5mYWN0b3Jpb1NlcnZlci5yY29uLmVuYWJsZWQgfX0KYXBpVmVyc2lvbjogdjEKa2luZDogU2VydmljZQptZXRhZGF0YToKICBuYW1lOiAie3sgdGVtcGxhdGUgImZhY3RvcmlvLmZ1bGxuYW1lIiAuIH19LXJjb24iCiAgbGFiZWxzOgogICAgYXBwOiB7eyB0ZW1wbGF0ZSAiZmFjdG9yaW8uZnVsbG5hbWUiIC4gfX0KICAgIGNoYXJ0OiAie3sgLkNoYXJ0Lk5hbWUgfX0te3sgLkNoYXJ0LlZlcnNpb24gfX0iCiAgICByZWxlYXNlOiAie3sgLlJlbGVhc2UuTmFtZSB9fSIKICAgIGhlcml0YWdlOiAie3sgLlJlbGVhc2UuU2VydmljZSB9fSIKc3BlYzoKICB0eXBlOiB7eyAuVmFsdWVzLmZhY3RvcmlvU2VydmVyLnJjb24uc2VydmljZVR5cGUgfX0KICBwb3J0czoKICAtIG5hbWU6IHJjb24KICAgIHBvcnQ6IHt7IC5WYWx1ZXMuZmFjdG9yaW9TZXJ2ZXIucmNvbi5wb3J0IH19CiAgICB0YXJnZXRQb3J0OiByY29uCiAgICBwcm90b2NvbDogVENQCiAgc2VsZWN0b3I6CiAgICBhcHA6IHt7IHRlbXBsYXRlICJmYWN0b3Jpby5mdWxsbmFtZSIgLiB9fQp7ey0gZW5kIH19Cg=="
        },
        {
          "filePath": "templates/saves-pvc.yaml",
          "fileContents": "e3stIGlmIC5WYWx1ZXMucGVyc2lzdGVuY2Uuc2F2ZWRHYW1lcy5lbmFibGVkIC19fQpraW5kOiBQZXJzaXN0ZW50Vm9sdW1lQ2xhaW0KYXBpVmVyc2lvbjogdjEKbWV0YWRhdGE6CiAgbmFtZToge3sgdGVtcGxhdGUgImZhY3RvcmlvLmZ1bGxuYW1lIiAuIH19LXNhdmVkZ2FtZXMKICBsYWJlbHM6CiAgICBhcHA6IHt7IHRlbXBsYXRlICJmYWN0b3Jpby5mdWxsbmFtZSIgLiB9fQogICAgY2hhcnQ6ICJ7eyAuQ2hhcnQuTmFtZSB9fS17eyAuQ2hhcnQuVmVyc2lvbiB9fSIKICAgIHJlbGVhc2U6ICJ7eyAuUmVsZWFzZS5OYW1lIH19IgogICAgaGVyaXRhZ2U6ICJ7eyAuUmVsZWFzZS5TZXJ2aWNlIH19IgpzcGVjOgogIGFjY2Vzc01vZGVzOgogICAgLSBSZWFkV3JpdGVPbmNlCiAgcmVzb3VyY2VzOgogICAgcmVxdWVzdHM6CiAgICAgIHN0b3JhZ2U6IHt7IC5WYWx1ZXMucGVyc2lzdGVuY2Uuc2F2ZWRHYW1lcy5zaXplIHwgcXVvdGUgfX0Ke3stIGlmIC5WYWx1ZXMucGVyc2lzdGVuY2Uuc3RvcmFnZUNsYXNzIH19Cnt7LSBpZiAoZXEgIi0iIC5WYWx1ZXMucGVyc2lzdGVuY2Uuc3RvcmFnZUNsYXNzKSB9fQogIHN0b3JhZ2VDbGFzc05hbWU6ICIiCnt7LSBlbHNlIH19CiAgc3RvcmFnZUNsYXNzTmFtZTogInt7IC5WYWx1ZXMucGVyc2lzdGVuY2Uuc3RvcmFnZUNsYXNzIH19Igp7ey0gZW5kIH19Cnt7LSBlbmQgfX0Ke3stIGVuZCAtfX0K"
        },
        {
          "filePath": "templates/secrets.yaml",
          "fileContents": "YXBpVmVyc2lvbjogdjEKa2luZDogU2VjcmV0Cm1ldGFkYXRhOgogIG5hbWU6IHt7IHRlbXBsYXRlICJmYWN0b3Jpby5mdWxsbmFtZSIgLiB9fQogIGxhYmVsczoKICAgIGFwcDoge3sgdGVtcGxhdGUgImZhY3RvcmlvLmZ1bGxuYW1lIiAuIH19CiAgICBjaGFydDogInt7IC5DaGFydC5OYW1lIH19LXt7IC5DaGFydC5WZXJzaW9uIH19IgogICAgcmVsZWFzZTogInt7IC5SZWxlYXNlLk5hbWUgfX0iCiAgICBoZXJpdGFnZTogInt7IC5SZWxlYXNlLlNlcnZpY2UgfX0iCnR5cGU6IE9wYXF1ZQpkYXRhOgogIHNlcnZlci1wYXNzd29yZDoge3sgZGVmYXVsdCAiIiAuVmFsdWVzLmZhY3RvcmlvU2VydmVyLnBhc3N3b3JkIHwgYjY0ZW5jIHwgcXVvdGUgfX0KICByY29uLXBhc3N3b3JkOiB7eyBkZWZhdWx0ICIiIC5WYWx1ZXMuZmFjdG9yaW9TZXJ2ZXIucmNvbi5wYXNzd29yZCB8IGI2NGVuYyB8IHF1b3RlIH19CiAgZmFjdG9yaW8tdXNlcm5hbWU6IHt7IGRlZmF1bHQgIiIgLlZhbHVlcy5mYWN0b3Jpby51c2VyLnVzZXJuYW1lIHwgYjY0ZW5jIHwgcXVvdGUgfX0KICBmYWN0b3Jpby1wYXNzd29yZDoge3sgZGVmYXVsdCAiIiAuVmFsdWVzLmZhY3RvcmlvLnVzZXIucGFzc3dvcmQgfCBiNjRlbmMgfCBxdW90ZSB9fQo="
        },
        {
          "filePath": "values.yaml",
          "fileContents": "IyBGYWN0b3JpbyBpbWFnZSB2ZXJzaW9uCiMgcmVmOiBodHRwczovL3F1YXkuaW8vcmVwb3NpdG9yeS9nYW1lc19vbl9rOHMvZmFjdG9yaW8/dGFiPXRhZ3MKaW1hZ2U6IHF1YXkuaW8vZ2FtZXNfb25fazhzL2ZhY3RvcmlvCmltYWdlVGFnOiAiMC4xNC4yMiIKCiMgQ29uZmlndXJlIHJlc291cmNlIHJlcXVlc3RzIGFuZCBsaW1pdHMKIyByZWY6IGh0dHA6Ly9rdWJlcm5ldGVzLmlvL2RvY3MvdXNlci1ndWlkZS9jb21wdXRlLXJlc291cmNlcy8KcmVzb3VyY2VzOgogIHJlcXVlc3RzOgogICAgbWVtb3J5OiA1MTJNaQogICAgY3B1OiA1MDBtCgojIE1vc3Qgb2YgdGhlc2UgbWFwIHRvIGVudmlyb25tZW50IHZhcmlhYmxlcy4gU2VlIGRvY2tlci1mYWN0b3JpbyBmb3IgZGV0YWlsczoKIyBodHRwczovL2dpdGh1Yi5jb20vZ2FtZXMtb24tazhzL2RvY2tlci1mYWN0b3Jpby9ibG9iL21hc3Rlci9SRUFETUUubWQjZW52aXJvbm1lbnQtdmFyaWFibGUtcmVmZXJlbmNlCmZhY3RvcmlvU2VydmVyOgogIG5hbWU6IEt1YmVybmV0ZXMgU2VydmVyCiAgZGVzY3JpcHRpb246IEZhY3RvcmlvIHJ1bm5pbmcgb24gS3ViZXJuZXRlcwogIHBvcnQ6IDM0MTk3CiAgIyBMb2NrIHRoaXMgc2VydmVyIGRvd24gd2l0aCBhIHBhc3N3b3JkLgogICMgcGFzc3dvcmQ6IGNoYW5nZS5tZQogIG1heFBsYXllcnM6IDI1NQogICMgUHVibGlzaGVzIHRoaXMgc2VydmVyIGluIHRoZSBzZXJ2ZXIgYnJvd3NlciBpZiB0cnVlLgogICMgWW91J2xsIHdhbnQgdG8gc2V0IEZhY3RvcmlvLlVzZXIgYmVsb3cgaWYgdHJ1ZSwgYXMgaXQgYmVjb21lcyByZXF1aXJlZC4KICBpc1B1YmxpYzogZmFsc2UKICB2ZXJpZnlJZGVudGl0eTogZmFsc2UKICAjIEFsbG93cyBvciBkaXNhbGxvd3MgY29uc29sZSBjb21tYW5kcy4gTXVzdCBiZSBvbmUgb2Y6IGB0cnVlYCwgYGZhbHNlYCwgb3IgYGFkbWlucy1vbmx5YC4KICBhbGxvd0NvbW1hbmRzOiBhZG1pbnMtb25seQogICMgUGF1c2UgdGhlIHNlcnZlciB3aGVuIG5vYm9keSBpcyBjb25uZWN0ZWQ/CiAgbm9BdXRvUGF1c2U6ICJmYWxzZSIKICAjIFlvdSdsbCB3YW50IHRvIGNoYW5nZSB0aGlzIHRvIE5vZGVQb3J0IGlmIHlvdSBhcmUgb24gQVdTLgogIHNlcnZpY2VUeXBlOiBMb2FkQmFsYW5jZXIKCiAgYXV0b3NhdmU6CiAgICAjIEF1dG8tc2F2ZSBpbnRlcnZhbCBpbiBtaW51dGVzLgogICAgaW50ZXJ2YWw6IDIKICAgIHNsb3RzOiAzCgogIHJjb246CiAgICBlbmFibGVkOiBmYWxzZQogICAgcG9ydDogMjcwMTUKICAgICMgRW1wdHkgdmFsdWUgaGVyZSBlbmFibGVzIGFuIGF1dG8tZ2VuZXJhdGVkIHBhc3N3b3JkLgogICAgcGFzc3dvcmQ6ICIiCiAgICBzZXJ2aWNlVHlwZTogTG9hZEJhbGFuY2VyCgpmYWN0b3JpbzoKICAjIFlvdXIgZmFjdG9yaW8uY29tIFVzZXIvcGFzcyBpcyBuZWVkZWQgaWYgZmFjdG9yaW9TZXJ2ZXIuSXNQdWJsaWMgaXMgdHJ1ZS4KICB1c2VyOgogICAgdXNlcm5hbWU6IHlvdXIudXNlcm5hbWUKICAgIHBhc3N3b3JkOiB5b3VyLnBhc3N3b3JkCgpwZXJzaXN0ZW5jZToKICAjIyBmYWN0b3JpbyBkYXRhIFBlcnNpc3RlbnQgVm9sdW1lIFN0b3JhZ2UgQ2xhc3MKICAjIyBJZiBkZWZpbmVkLCBzdG9yYWdlQ2xhc3NOYW1lOiA8c3RvcmFnZUNsYXNzPgogICMjIElmIHNldCB0byAiLSIsIHN0b3JhZ2VDbGFzc05hbWU6ICIiLCB3aGljaCBkaXNhYmxlcyBkeW5hbWljIHByb3Zpc2lvbmluZwogICMjIElmIHVuZGVmaW5lZCAodGhlIGRlZmF1bHQpIG9yIHNldCB0byBudWxsLCBubyBzdG9yYWdlQ2xhc3NOYW1lIHNwZWMgaXMKICAjIyAgIHNldCwgY2hvb3NpbmcgdGhlIGRlZmF1bHQgcHJvdmlzaW9uZXIuICAoZ3AyIG9uIEFXUywgc3RhbmRhcmQgb24KICAjIyAgIEdLRSwgQVdTICYgT3BlblN0YWNrKQogICMjCiAgIyBzdG9yYWdlQ2xhc3M6ICItIgogIHNhdmVkR2FtZXM6CiAgICAjIFNldCB0aGlzIHRvIGZhbHNlIGlmIHlvdSBkb24ndCBjYXJlIHRvIHBlcnNpc3Qgc2F2ZWQgZ2FtZXMgYmV0d2VlbiByZXN0YXJ0cy4KICAgIGVuYWJsZWQ6IHRydWUKICAgIHNpemU6IDFHaQogIG1vZHM6CiAgICBlbmFibGVkOiBmYWxzZQogICAgc2l6ZTogMTI4TWkK"
        }
      ]
    },
    "contentSHA": "126fa6eb8f09171050751c65a386f41aef4fe9ebe00c8b1e66f2c4e60319ec4e"
  }
}