kind: Kustomization
apiversion: ""
resources:
- ./placeholder-service.yaml
