apiVersion: v1
kind: Service
metadata:
  name: placeholder
  namespace: placeholder
spec:
  ports:
  - name: http
    port: 80
    targetPort: http
  - name: https
    port: 443
    targetPort: https
  selector:
    app.kubernetes.io/name: placeholder
    app.kubernetes.io/part-of: placeholder
  type: LoadBalancer
