apiVersion: rbac.authorization.k8s.io/v1beta1
kind: ClusterRoleBinding
metadata:
  name: istio-ingressgateway-default
  labels:
    app: gateways
    chart: gateways
    heritage: Tiller
    release: istio
roleRef:
  apiGroup: rbac.authorization.k8s.io
  kind: ClusterRole
  name: istio-ingressgateway-default
subjects:
- kind: ServiceAccount
  name: istio-ingressgateway-service-account
  namespace: default