{
  "v1": {
    "config": {},
    "releaseName": "values-update",
    "helmValuesDefaults": "replicaCount: 1\nimage:\n  repository: nginx\n  tag: stable\n\n",
    "upstream": "https://github.com/replicatedhq/test-chart-root-dir/tree/507feecae588c958ebe82bcf701b8be63f34ac9b/",
    "metadata": {
      "applicationType": "helm",
      "sequence": 0,
      "name": "values-update",
      "releaseNotes": "test chart",
      "version": "0.1.0",
      "license": {
        "id": "",
        "assignee": "",
        "createdAt": "0001-01-01T00:00:00Z",
        "expiresAt": "0001-01-01T00:00:00Z",
        "type": ""
      }
    },
    "upstreamContents": {
      "upstreamFiles": [
        {
          "filePath": "Chart.yaml",
          "fileContents": "YXBpVmVyc2lvbjogdjEKYXBwVmVyc2lvbjogIjEuMCIKZGVzY3JpcHRpb246IEEKbmFtZTogdmFsdWVzLXVwZGF0ZQp2ZXJzaW9uOiAwLjEuMAo="
        },
        {
          "filePath": "LICENSE",
          "fileContents": "TUlUIExpY2Vuc2UKCkNvcHlyaWdodCAoYykgMjAxOCBSZXBsaWNhdGVkCgpQZXJtaXNzaW9uIGlzIGhlcmVieSBncmFudGVkLCBmcmVlIG9mIGNoYXJnZSwgdG8gYW55IHBlcnNvbiBvYnRhaW5pbmcgYSBjb3B5Cm9mIHRoaXMgc29mdHdhcmUgYW5kIGFzc29jaWF0ZWQgZG9jdW1lbnRhdGlvbiBmaWxlcyAodGhlICJTb2Z0d2FyZSIpLCB0byBkZWFsCmluIHRoZSBTb2Z0d2FyZSB3aXRob3V0IHJlc3RyaWN0aW9uLCBpbmNsdWRpbmcgd2l0aG91dCBsaW1pdGF0aW9uIHRoZSByaWdodHMKdG8gdXNlLCBjb3B5LCBtb2RpZnksIG1lcmdlLCBwdWJsaXNoLCBkaXN0cmlidXRlLCBzdWJsaWNlbnNlLCBhbmQvb3Igc2VsbApjb3BpZXMgb2YgdGhlIFNvZnR3YXJlLCBhbmQgdG8gcGVybWl0IHBlcnNvbnMgdG8gd2hvbSB0aGUgU29mdHdhcmUgaXMKZnVybmlzaGVkIHRvIGRvIHNvLCBzdWJqZWN0IHRvIHRoZSBmb2xsb3dpbmcgY29uZGl0aW9uczoKClRoZSBhYm92ZSBjb3B5cmlnaHQgbm90aWNlIGFuZCB0aGlzIHBlcm1pc3Npb24gbm90aWNlIHNoYWxsIGJlIGluY2x1ZGVkIGluIGFsbApjb3BpZXMgb3Igc3Vic3RhbnRpYWwgcG9ydGlvbnMgb2YgdGhlIFNvZnR3YXJlLgoKVEhFIFNPRlRXQVJFIElTIFBST1ZJREVEICJBUyBJUyIsIFdJVEhPVVQgV0FSUkFOVFkgT0YgQU5ZIEtJTkQsIEVYUFJFU1MgT1IKSU1QTElFRCwgSU5DTFVESU5HIEJVVCBOT1QgTElNSVRFRCBUTyBUSEUgV0FSUkFOVElFUyBPRiBNRVJDSEFOVEFCSUxJVFksCkZJVE5FU1MgRk9SIEEgUEFSVElDVUxBUiBQVVJQT1NFIEFORCBOT05JTkZSSU5HRU1FTlQuIElOIE5PIEVWRU5UIFNIQUxMIFRIRQpBVVRIT1JTIE9SIENPUFlSSUdIVCBIT0xERVJTIEJFIExJQUJMRSBGT1IgQU5ZIENMQUlNLCBEQU1BR0VTIE9SIE9USEVSCkxJQUJJTElUWSwgV0hFVEhFUiBJTiBBTiBBQ1RJT04gT0YgQ09OVFJBQ1QsIFRPUlQgT1IgT1RIRVJXSVNFLCBBUklTSU5HIEZST00sCk9VVCBPRiBPUiBJTiBDT05ORUNUSU9OIFdJVEggVEhFIFNPRlRXQVJFIE9SIFRIRSBVU0UgT1IgT1RIRVIgREVBTElOR1MgSU4gVEhFClNPRlRXQVJFLgo="
        },
        {
          "filePath": "README.md",
          "fileContents": "UmVhZG1lCj09PT0KClRlc3QgY2hhcnQgZm9yIHVzYWdlIHdpdGggaHR0cHM6Ly9naXRodWIuY29tL3JlcGxpY2F0ZWRocS9zaGlwCg=="
        },
        {
          "filePath": "templates/deployment.yaml",
          "fileContents": "YXBpVmVyc2lvbjogYXBwcy92MWJldGEyCmtpbmQ6IERlcGxveW1lbnQKbWV0YWRhdGE6CiAgbmFtZTogZGVwbG95bWVudAogIGxhYmVsczoKICAgIGFwcDogbXktYXBwCiAgICBjaGFydDoge3sgLkNoYXJ0Lk5hbWUgfX0KICAgIHJlbGVhc2U6IHt7IC5SZWxlYXNlLk5hbWUgfX0KICAgIGhlcml0YWdlOiB7eyAuUmVsZWFzZS5TZXJ2aWNlIH19CnNwZWM6CiAgcmVwbGljYXM6IHt7IC5WYWx1ZXMucmVwbGljYUNvdW50IH19CiAgc2VsZWN0b3I6CiAgICBtYXRjaExhYmVsczoKICAgICAgYXBwOiBteS1hcHAKICAgICAgcmVsZWFzZToge3sgLlJlbGVhc2UuTmFtZSB9fQogIHRlbXBsYXRlOgogICAgbWV0YWRhdGE6CiAgICAgIGxhYmVsczoKICAgICAgICBhcHA6IG15LWFwcAogICAgICAgIHJlbGVhc2U6IHt7IC5SZWxlYXNlLk5hbWUgfX0KICAgIHNwZWM6CiAgICAgIGNvbnRhaW5lcnM6CiAgICAgICAgLSBuYW1lOiB7eyAuQ2hhcnQuTmFtZSB9fQogICAgICAgICAgaW1hZ2U6ICJ7eyAuVmFsdWVzLmltYWdlLnJlcG9zaXRvcnkgfX06e3sgLlZhbHVlcy5pbWFnZS50YWcgfX0iCiAgICAgICAgICBpbWFnZVB1bGxQb2xpY3k6IEFsd2F5cwogICAgICAgICAgcG9ydHM6CiAgICAgICAgICAgIC0gbmFtZTogaHR0cAogICAgICAgICAgICAgIGNvbnRhaW5lclBvcnQ6IDgwCiAgICAgICAgICAgICAgcHJvdG9jb2w6IFRDUAogICAgICAgICAgbGl2ZW5lc3NQcm9iZToKICAgICAgICAgICAgaHR0cEdldDoKICAgICAgICAgICAgICBwYXRoOiAvCiAgICAgICAgICAgICAgcG9ydDogaHR0cAogICAgICAgICAgcmVhZGluZXNzUHJvYmU6CiAgICAgICAgICAgIGh0dHBHZXQ6CiAgICAgICAgICAgICAgcGF0aDogLwogICAgICAgICAgICAgIHBvcnQ6IGh0dHAK"
        },
        {
          "filePath": "values.yaml",
          "fileContents": "cmVwbGljYUNvdW50OiAxCmltYWdlOgogIHJlcG9zaXRvcnk6IG5naW54CiAgdGFnOiBzdGFibGUKCg=="
        }
      ]
    },
    "contentSHA": "a6ef5289edd9de384412ed843529d906b08c0cda29b92b7c63077138bd798538"
  }
}