{
  "v1": {
    "config": {},
    "releaseName": "ship",
    "upstream": "github.com/replicatedhq/test-charts?ref=3427d6997bd150c60caa00ba0298fdfe17e3ed04//plain-k8s",
    "upstreamContents": {
      "upstreamFiles": [
        {
          "filePath": "MAINTENANCE.md",
          "fileContents": "IyMgQnVpbGRpbmcgdGhlIERvY2tlciBpbWFnZXMKCmBgYGNvbnNvbGUKJCBkb2NrZXIgYnVpbGQgLXQgZ2NyLmlvL2dvb2dsZS1zYW1wbGVzL2diLWZyb250ZW5kOnY1IHBocC1yZWRpcwoKJCBkb2NrZXIgYnVpbGQgLXQgZ2NyLmlvL2dvb2dsZS1zYW1wbGVzL2diLXJlZGlzc2xhdmU6djIgcmVkaXMtc2xhdmUKYGBgCgpCdWlsZGluZyBNdWx0aS1hcmNoaXRlY3R1cmUgZG9ja2VyIGltYWdlcwoKYGBgY29uc29sZQokIG1ha2UgLUMgcGhwLXJlZGlzCgokIG1ha2UgLUMgcmVkaXMtc2xhdmUKYGBgCgpQdXNoOgoKYGBgY29uc29sZQokIG1ha2UgLUMgcGhwLXJlZGlzIGFsbC1wdXNoCgokIG1ha2UgLUMgcmVkaXMtc2xhdmUgYWxsLXB1c2gKYGBgCg=="
        },
        {
          "filePath": "README.md",
          "fileContents": "IyBFeGFtcGxlOiBHdWVzdGJvb2sgYXBwbGljYXRpb24gb24gS3ViZXJuZXRlcwoKVGhpcyBkaXJlY3RvcnkgY29udGFpbnMgdGhlIHNvdXJjZSBjb2RlIGFuZCBLdWJlcm5ldGVzIG1hbmlmZXN0cyBmb3IgUEhQCkd1ZXN0Ym9vayBhcHBsaWNhdGlvbi4KCkZvbGxvdyB0aGUgdHV0b3JpYWwgYXQgaHR0cHM6Ly9rdWJlcm5ldGVzLmlvL2RvY3MvdHV0b3JpYWxzL3N0YXRlbGVzcy1hcHBsaWNhdGlvbi9ndWVzdGJvb2svLgo="
        },
        {
          "filePath": "frontend-deployment.yaml",
          "fileContents": "YXBpVmVyc2lvbjogYXBwcy92MSAjICBmb3IgazhzIHZlcnNpb25zIGJlZm9yZSAxLjkuMCB1c2UgYXBwcy92MWJldGEyICBhbmQgYmVmb3JlIDEuOC4wIHVzZSBleHRlbnNpb25zL3YxYmV0YTEKa2luZDogRGVwbG95bWVudAptZXRhZGF0YToKICBuYW1lOiBmcm9udGVuZApzcGVjOgogIHNlbGVjdG9yOgogICAgbWF0Y2hMYWJlbHM6CiAgICAgIGFwcDogZ3Vlc3Rib29rCiAgICAgIHRpZXI6IGZyb250ZW5kCiAgcmVwbGljYXM6IDMKICB0ZW1wbGF0ZToKICAgIG1ldGFkYXRhOgogICAgICBsYWJlbHM6CiAgICAgICAgYXBwOiBndWVzdGJvb2sKICAgICAgICB0aWVyOiBmcm9udGVuZAogICAgc3BlYzoKICAgICAgY29udGFpbmVyczoKICAgICAgLSBuYW1lOiBwaHAtcmVkaXMKICAgICAgICBpbWFnZTogZ2NyLmlvL2dvb2dsZS1zYW1wbGVzL2diLWZyb250ZW5kOnY0CiAgICAgICAgcmVzb3VyY2VzOgogICAgICAgICAgcmVxdWVzdHM6CiAgICAgICAgICAgIGNwdTogMTAwbQogICAgICAgICAgICBtZW1vcnk6IDEwME1pCiAgICAgICAgZW52OgogICAgICAgIC0gbmFtZTogR0VUX0hPU1RTX0ZST00KICAgICAgICAgIHZhbHVlOiBkbnMKICAgICAgICAgICMgSWYgeW91ciBjbHVzdGVyIGNvbmZpZyBkb2VzIG5vdCBpbmNsdWRlIGEgZG5zIHNlcnZpY2UsIHRoZW4gdG8KICAgICAgICAgICMgaW5zdGVhZCBhY2Nlc3MgZW52aXJvbm1lbnQgdmFyaWFibGVzIHRvIGZpbmQgc2VydmljZSBob3N0CiAgICAgICAgICAjIGluZm8sIGNvbW1lbnQgb3V0IHRoZSAndmFsdWU6IGRucycgbGluZSBhYm92ZSwgYW5kIHVuY29tbWVudCB0aGUKICAgICAgICAgICMgbGluZSBiZWxvdzoKICAgICAgICAgICMgdmFsdWU6IGVudgogICAgICAgIHBvcnRzOgogICAgICAgIC0gY29udGFpbmVyUG9ydDogODAK"
        },
        {
          "filePath": "frontend-service.yaml",
          "fileContents": "YXBpVmVyc2lvbjogdjEKa2luZDogU2VydmljZQptZXRhZGF0YToKICBuYW1lOiBmcm9udGVuZAogIGxhYmVsczoKICAgIGFwcDogZ3Vlc3Rib29rCiAgICB0aWVyOiBmcm9udGVuZApzcGVjOgogICMgY29tbWVudCBvciBkZWxldGUgdGhlIGZvbGxvd2luZyBsaW5lIGlmIHlvdSB3YW50IHRvIHVzZSBhIExvYWRCYWxhbmNlcgogIHR5cGU6IE5vZGVQb3J0IAogICMgaWYgeW91ciBjbHVzdGVyIHN1cHBvcnRzIGl0LCB1bmNvbW1lbnQgdGhlIGZvbGxvd2luZyB0byBhdXRvbWF0aWNhbGx5IGNyZWF0ZQogICMgYW4gZXh0ZXJuYWwgbG9hZC1iYWxhbmNlZCBJUCBmb3IgdGhlIGZyb250ZW5kIHNlcnZpY2UuCiAgIyB0eXBlOiBMb2FkQmFsYW5jZXIKICBwb3J0czoKICAtIHBvcnQ6IDgwCiAgc2VsZWN0b3I6CiAgICBhcHA6IGd1ZXN0Ym9vawogICAgdGllcjogZnJvbnRlbmQK"
        },
        {
          "filePath": "redis-master-deployment.yaml",
          "fileContents": "YXBpVmVyc2lvbjogYXBwcy92MSAjICBmb3IgazhzIHZlcnNpb25zIGJlZm9yZSAxLjkuMCB1c2UgYXBwcy92MWJldGEyICBhbmQgYmVmb3JlIDEuOC4wIHVzZSBleHRlbnNpb25zL3YxYmV0YTEKa2luZDogRGVwbG95bWVudAptZXRhZGF0YToKICBuYW1lOiByZWRpcy1tYXN0ZXIKc3BlYzoKICBzZWxlY3RvcjoKICAgIG1hdGNoTGFiZWxzOgogICAgICBhcHA6IHJlZGlzCiAgICAgIHJvbGU6IG1hc3RlcgogICAgICB0aWVyOiBiYWNrZW5kCiAgcmVwbGljYXM6IDEKICB0ZW1wbGF0ZToKICAgIG1ldGFkYXRhOgogICAgICBsYWJlbHM6CiAgICAgICAgYXBwOiByZWRpcwogICAgICAgIHJvbGU6IG1hc3RlcgogICAgICAgIHRpZXI6IGJhY2tlbmQKICAgIHNwZWM6CiAgICAgIGNvbnRhaW5lcnM6CiAgICAgIC0gbmFtZTogbWFzdGVyCiAgICAgICAgaW1hZ2U6IGs4cy5nY3IuaW8vcmVkaXM6ZTJlICAjIG9yIGp1c3QgaW1hZ2U6IHJlZGlzCiAgICAgICAgcmVzb3VyY2VzOgogICAgICAgICAgcmVxdWVzdHM6CiAgICAgICAgICAgIGNwdTogMTAwbQogICAgICAgICAgICBtZW1vcnk6IDEwME1pCiAgICAgICAgcG9ydHM6CiAgICAgICAgLSBjb250YWluZXJQb3J0OiA2Mzc5Cg=="
        },
        {
          "filePath": "redis-master-service.yaml",
          "fileContents": "YXBpVmVyc2lvbjogdjEKa2luZDogU2VydmljZQptZXRhZGF0YToKICBuYW1lOiByZWRpcy1tYXN0ZXIKICBsYWJlbHM6CiAgICBhcHA6IHJlZGlzCiAgICByb2xlOiBtYXN0ZXIKICAgIHRpZXI6IGJhY2tlbmQKc3BlYzoKICBwb3J0czoKICAtIHBvcnQ6IDYzNzkKICAgIHRhcmdldFBvcnQ6IDYzNzkKICBzZWxlY3RvcjoKICAgIGFwcDogcmVkaXMKICAgIHJvbGU6IG1hc3RlcgogICAgdGllcjogYmFja2VuZAo="
        },
        {
          "filePath": "redis-slave-deployment.yaml",
          "fileContents": "YXBpVmVyc2lvbjogYXBwcy92MSAjICBmb3IgazhzIHZlcnNpb25zIGJlZm9yZSAxLjkuMCB1c2UgYXBwcy92MWJldGEyICBhbmQgYmVmb3JlIDEuOC4wIHVzZSBleHRlbnNpb25zL3YxYmV0YTEKa2luZDogRGVwbG95bWVudAptZXRhZGF0YToKICBuYW1lOiByZWRpcy1zbGF2ZQpzcGVjOgogIHNlbGVjdG9yOgogICAgbWF0Y2hMYWJlbHM6CiAgICAgIGFwcDogcmVkaXMKICAgICAgcm9sZTogc2xhdmUKICAgICAgdGllcjogYmFja2VuZAogIHJlcGxpY2FzOiAyCiAgdGVtcGxhdGU6CiAgICBtZXRhZGF0YToKICAgICAgbGFiZWxzOgogICAgICAgIGFwcDogcmVkaXMKICAgICAgICByb2xlOiBzbGF2ZQogICAgICAgIHRpZXI6IGJhY2tlbmQKICAgIHNwZWM6CiAgICAgIGNvbnRhaW5lcnM6CiAgICAgIC0gbmFtZTogc2xhdmUKICAgICAgICBpbWFnZTogZ2NyLmlvL2dvb2dsZV9zYW1wbGVzL2diLXJlZGlzc2xhdmU6djEKICAgICAgICByZXNvdXJjZXM6CiAgICAgICAgICByZXF1ZXN0czoKICAgICAgICAgICAgY3B1OiAxMDBtCiAgICAgICAgICAgIG1lbW9yeTogMTAwTWkKICAgICAgICBlbnY6CiAgICAgICAgLSBuYW1lOiBHRVRfSE9TVFNfRlJPTQogICAgICAgICAgdmFsdWU6IGRucwogICAgICAgICAgIyBJZiB5b3VyIGNsdXN0ZXIgY29uZmlnIGRvZXMgbm90IGluY2x1ZGUgYSBkbnMgc2VydmljZSwgdGhlbiB0bwogICAgICAgICAgIyBpbnN0ZWFkIGFjY2VzcyBhbiBlbnZpcm9ubWVudCB2YXJpYWJsZSB0byBmaW5kIHRoZSBtYXN0ZXIKICAgICAgICAgICMgc2VydmljZSdzIGhvc3QsIGNvbW1lbnQgb3V0IHRoZSAndmFsdWU6IGRucycgbGluZSBhYm92ZSwgYW5kCiAgICAgICAgICAjIHVuY29tbWVudCB0aGUgbGluZSBiZWxvdzoKICAgICAgICAgICMgdmFsdWU6IGVudgogICAgICAgIHBvcnRzOgogICAgICAgIC0gY29udGFpbmVyUG9ydDogNjM3OQo="
        },
        {
          "filePath": "redis-slave-service.yaml",
          "fileContents": "YXBpVmVyc2lvbjogdjEKa2luZDogU2VydmljZQptZXRhZGF0YToKICBuYW1lOiByZWRpcy1zbGF2ZQogIGxhYmVsczoKICAgIGFwcDogcmVkaXMKICAgIHJvbGU6IHNsYXZlCiAgICB0aWVyOiBiYWNrZW5kCnNwZWM6CiAgcG9ydHM6CiAgLSBwb3J0OiA2Mzc5CiAgc2VsZWN0b3I6CiAgICBhcHA6IHJlZGlzCiAgICByb2xlOiBzbGF2ZQogICAgdGllcjogYmFja2VuZAo="
        }
      ]
    },
    "contentSHA": "e3546ff9662b0aad902d9cb12278f4851d0dda26d8879e9b6666bd34beaaa3f9"
  }
}