{
  "v1": {
    "config": {
      "external_registry": "localhost:5000",
      "test_option": "abc123_test-option-value"
    },
    "contentSHA": "f1a562de29d7dbb760c9d20382613a47bff882ecf71f21ad5f1c67bbffa9fedd",
    "metadata": {
      "applicationType": "replicated.app",
      "releaseNotes": "",
      "license": {
        "assignee": "",
        "createdAt": "0001-01-01T00:00:00Z",
        "expiresAt": "0001-01-01T00:00:00Z",
        "id": "",
        "type": ""
      },
      "sequence": 0,
      "version": ""
    },
    "releaseName": "ship",
    "upstream": "__upstream__"
  }
}
