{
  "v1": {
    "config": {},
    "upstream": "staging.replicated.app/some-cool-ci-tool?installation_id=3Z6uuPbVz6jTxRuXHn_l6UlYQz3hWz6-&customer_id=-Am-_6i5pw0u4AbspOwKN4lZUCn49u_G",
    "contentSHA": "2aaf62ff2fbf89fb4a1ec2d73f6bb02e082e041b9c925cff677e1622637b2aac",
    "metadata": {
      "applicationType": "replicated.app",
      "customerID": "-Am-_6i5pw0u4AbspOwKN4lZUCn49u_G",
      "installationID": "3Z6uuPbVz6jTxRuXHn_l6UlYQz3hWz6-",
      "license": {
        "assignee": "",
        "createdAt": "0001-01-01T00:00:00Z",
        "expiresAt": "0001-01-01T00:00:00Z",
        "id": "",
        "type": ""
      },
      "releaseNotes": "integration tests",
      "sequence": 0,
      "version": "1.0.2"
    },
    "upstreamContents": {
      "appRelease": {
        "id": "pAb_dFxe4M4TdvkPWSdgDhgtpDbOcGAM",
        "sequence": 4603,
        "channelId": "lD4lzjnjwOYzKbNsjK0JlcpzF19PswXz",
        "channelName": "integration replicated.app basic",
        "channelIcon": "",
        "semver": "1.0.2",
        "releaseNotes": "integration tests",
        "spec": "---\nassets:\n  v1:\n    - inline:\n        contents: |\n          #!/bin/bash\n          echo \"installing nothing\"\n          echo \"config option: {{repl ConfigOption \"test_option\" }}\"\n        dest: ./scripts/install.sh\n        mode: 0777\n    - inline:\n        contents: |\n          #!/bin/bash\n          echo \"tested nothing\"\n          echo \"customer {{repl Installation \"customer_id\" }}\"\n          echo \"install {{repl Installation \"installation_id\" }}\"\n        dest: ./scripts/test.sh\n        mode: 0777\nconfig:\n  v1:\n    - name: test_options\n      title: Test Options\n      description: testing testing 123\n      items:\n      - name: test_option\n        title: Test Option\n        default: abc123_test-option-value\n        type: text\nlifecycle:\n  v1:\n    - render: {}\n",
        "images": [],
        "githubContents": [],
        "created": "Tue Dec 04 2018 03:21:49 GMT+0000 (UTC)",
        "entitlements": {}
      }
    },
    "releaseName": "integration-replicated-app-basic"
  }
}
