kind: ""
apiversion: ""
resources:
- redis-deployment.yaml
- redis2-deployment.yaml
