{
  "v1": {
    "config": {},
    "contentSHA": "773b65132552ac226dbbc723fd900e79c2d97164494c49e6fd385ecba2458794",
    "metadata": {
      "applicationType": "replicated.app",
      "customerID": "-Am-_6i5pw0u4AbspOwKN4lZUCn49u_G",
      "installationID": "RULNveQLrLj4GDum1yQhvKAcABh0GcLY",
      "license": {
        "assignee": "",
        "createdAt": "0001-01-01T00:00:00Z",
        "expiresAt": "0001-01-01T00:00:00Z",
        "id": "",
        "type": ""
      },
      "releaseNotes": "",
      "sequence": 0,
      "version": "0.0.4"
    },
    "releaseName": "integration-test-basic-and-docker",
    "upstream": "__upstream__"
  }
}
