apiVersion: v1
kind: Service
metadata:
  labels:
    app: guestbook
    tier: frontend
  name: frontend
spec:
  ports:
  - port: 80
  selector:
    app: guestbook
    tier: frontend
  type: NodePort
---
apiVersion: apps/v1
kind: Deployment
metadata:
  name: frontend
spec:
  replicas: 3
  selector:
    matchLabels:
      app: guestbook
      tier: frontend
  template:
    metadata:
      labels:
        app: guestbook
        tier: frontend
    spec:
      containers:
      - env:
        - name: GET_HOSTS_FROM
          value: dns
        image: gcr.io/google-samples/gb-frontend:v4
        name: php-redis
        ports:
        - containerPort: 80
        resources:
          requests:
            cpu: 100m
            memory: 100Mi
