{
  "v1": {
    "config": {},
    "helmValues": "# Default values for modify-chart.\n# This is a YAML-formatted file.\n# Declare variables to be passed into your templates.\n\nreplicaCount: 1\n\nimage:\n  repository: nginx\n  tag: stable\n  pullPolicy: IfNotPresent\n\nservice:\n  type: ClusterIP\n  port: 80\n\ningress:\n  enabled: false\n  annotations: {}\n    # kubernetes.io/ingress.class: nginx\n    # kubernetes.io/tls-acme: \"true\"\n  path: /\n  hosts:\n    - chart-example.local\n  tls: []\n  #  - secretName: chart-example-tls\n  #    hosts:\n  #      - chart-example.local\n\nresources: {}\n  # We usually recommend not to specify default resources and to leave this as a conscious\n  # choice for the user. This also increases chances charts run on environments with little\n  # resources, such as Minikube. If you do want to specify resources, uncomment the following\n  # lines, adjust them as necessary, and remove the curly braces after 'resources:'.\n  # limits:\n  #  cpu: 100m\n  #  memory: 128Mi\n  # requests:\n  #  cpu: 100m\n  #  memory: 128Mi\n\nnodeSelector: {}\n\ntolerations: []\n\naffinity: {}\n",
    "releaseName": "modify-chart",
    "helmValuesDefaults": "# Default values for modify-chart.\n# This is a YAML-formatted file.\n# Declare variables to be passed into your templates.\n\nreplicaCount: 2\n\nimage:\n  repository: nginx\n  tag: stable\n  pullPolicy: IfNotPresent\n\nservice:\n  type: ClusterIP\n  port: 80\n\ningress:\n  enabled: false\n  annotations: {}\n    # kubernetes.io/ingress.class: nginx\n    # kubernetes.io/tls-acme: \"true\"\n  path: /\n  hosts:\n    - chart-example.local\n  tls: []\n  #  - secretName: chart-example-tls\n  #    hosts:\n  #      - chart-example.local\n\nresources: {}\n  # We usually recommend not to specify default resources and to leave this as a conscious\n  # choice for the user. This also increases chances charts run on environments with little\n  # resources, such as Minikube. If you do want to specify resources, uncomment the following\n  # lines, adjust them as necessary, and remove the curly braces after 'resources:'.\n  # limits:\n  #  cpu: 100m\n  #  memory: 128Mi\n  # requests:\n  #  cpu: 100m\n  #  memory: 128Mi\n\nnodeSelector: {}\n\ntolerations: []\n\naffinity: {}\n",
    "kustomize": {
      "overlays": {
        "ship": {
          "patches": {
            "/templates/deployment.yaml": ""
          }
        }
      }
    },
    "upstream": "github.com/replicatedhq/test-charts/modify-chart",
    "metadata": {
      "applicationType": "helm",
      "name": "modify-chart",
      "license": {
        "assignee": "",
        "createdAt": "0001-01-01T00:00:00Z",
        "expiresAt": "0001-01-01T00:00:00Z",
        "id": "",
        "type": ""
      },
      "sequence": 0,
      "releaseNotes": "Update values.yaml",
      "version": "0.1.0"
    },
    "upstreamContents": {
      "upstreamFiles": [
        {
          "filePath": ".helmignore",
          "fileContents": "IyBQYXR0ZXJucyB0byBpZ25vcmUgd2hlbiBidWlsZGluZyBwYWNrYWdlcy4KIyBUaGlzIHN1cHBvcnRzIHNoZWxsIGdsb2IgbWF0Y2hpbmcsIHJlbGF0aXZlIHBhdGggbWF0Y2hpbmcsIGFuZAojIG5lZ2F0aW9uIChwcmVmaXhlZCB3aXRoICEpLiBPbmx5IG9uZSBwYXR0ZXJuIHBlciBsaW5lLgouRFNfU3RvcmUKIyBDb21tb24gVkNTIGRpcnMKLmdpdC8KLmdpdGlnbm9yZQouYnpyLwouYnpyaWdub3JlCi5oZy8KLmhnaWdub3JlCi5zdm4vCiMgQ29tbW9uIGJhY2t1cCBmaWxlcwoqLnN3cAoqLmJhawoqLnRtcAoqfgojIFZhcmlvdXMgSURFcwoucHJvamVjdAouaWRlYS8KKi50bXByb2oK"
        },
        {
          "filePath": "Chart.yaml",
          "fileContents": "YXBpVmVyc2lvbjogdjEKYXBwVmVyc2lvbjogIjEuMCIKZGVzY3JpcHRpb246IEEgSGVsbSBjaGFydCBmb3IgS3ViZXJuZXRlcwpuYW1lOiBtb2RpZnktY2hhcnQKdmVyc2lvbjogMC4xLjAK"
        },
        {
          "filePath": "README.md",
          "fileContents": "cmVhZG1lCg=="
        },
        {
          "filePath": "templates/NOTES.txt",
          "fileContents": "MS4gR2V0IHRoZSBhcHBsaWNhdGlvbiBVUkwgYnkgcnVubmluZyB0aGVzZSBjb21tYW5kczoKe3stIGlmIC5WYWx1ZXMuaW5ncmVzcy5lbmFibGVkIH19Cnt7LSByYW5nZSAuVmFsdWVzLmluZ3Jlc3MuaG9zdHMgfX0KICBodHRwe3sgaWYgJC5WYWx1ZXMuaW5ncmVzcy50bHMgfX1ze3sgZW5kIH19Oi8ve3sgLiB9fXt7ICQuVmFsdWVzLmluZ3Jlc3MucGF0aCB9fQp7ey0gZW5kIH19Cnt7LSBlbHNlIGlmIGNvbnRhaW5zICJOb2RlUG9ydCIgLlZhbHVlcy5zZXJ2aWNlLnR5cGUgfX0KICBleHBvcnQgTk9ERV9QT1JUPSQoa3ViZWN0bCBnZXQgLS1uYW1lc3BhY2Uge3sgLlJlbGVhc2UuTmFtZXNwYWNlIH19IC1vIGpzb25wYXRoPSJ7LnNwZWMucG9ydHNbMF0ubm9kZVBvcnR9IiBzZXJ2aWNlcyB7eyB0ZW1wbGF0ZSAibW9kaWZ5LWNoYXJ0LmZ1bGxuYW1lIiAuIH19KQogIGV4cG9ydCBOT0RFX0lQPSQoa3ViZWN0bCBnZXQgbm9kZXMgLS1uYW1lc3BhY2Uge3sgLlJlbGVhc2UuTmFtZXNwYWNlIH19IC1vIGpzb25wYXRoPSJ7Lml0ZW1zWzBdLnN0YXR1cy5hZGRyZXNzZXNbMF0uYWRkcmVzc30iKQogIGVjaG8gaHR0cDovLyROT0RFX0lQOiROT0RFX1BPUlQKe3stIGVsc2UgaWYgY29udGFpbnMgIkxvYWRCYWxhbmNlciIgLlZhbHVlcy5zZXJ2aWNlLnR5cGUgfX0KICAgICBOT1RFOiBJdCBtYXkgdGFrZSBhIGZldyBtaW51dGVzIGZvciB0aGUgTG9hZEJhbGFuY2VyIElQIHRvIGJlIGF2YWlsYWJsZS4KICAgICAgICAgICBZb3UgY2FuIHdhdGNoIHRoZSBzdGF0dXMgb2YgYnkgcnVubmluZyAna3ViZWN0bCBnZXQgc3ZjIC13IHt7IHRlbXBsYXRlICJtb2RpZnktY2hhcnQuZnVsbG5hbWUiIC4gfX0nCiAgZXhwb3J0IFNFUlZJQ0VfSVA9JChrdWJlY3RsIGdldCBzdmMgLS1uYW1lc3BhY2Uge3sgLlJlbGVhc2UuTmFtZXNwYWNlIH19IHt7IHRlbXBsYXRlICJtb2RpZnktY2hhcnQuZnVsbG5hbWUiIC4gfX0gLW8ganNvbnBhdGg9J3suc3RhdHVzLmxvYWRCYWxhbmNlci5pbmdyZXNzWzBdLmlwfScpCiAgZWNobyBodHRwOi8vJFNFUlZJQ0VfSVA6e3sgLlZhbHVlcy5zZXJ2aWNlLnBvcnQgfX0Ke3stIGVsc2UgaWYgY29udGFpbnMgIkNsdXN0ZXJJUCIgLlZhbHVlcy5zZXJ2aWNlLnR5cGUgfX0KICBleHBvcnQgUE9EX05BTUU9JChrdWJlY3RsIGdldCBwb2RzIC0tbmFtZXNwYWNlIHt7IC5SZWxlYXNlLk5hbWVzcGFjZSB9fSAtbCAiYXBwPXt7IHRlbXBsYXRlICJtb2RpZnktY2hhcnQubmFtZSIgLiB9fSxyZWxlYXNlPXt7IC5SZWxlYXNlLk5hbWUgfX0iIC1vIGpzb25wYXRoPSJ7Lml0ZW1zWzBdLm1ldGFkYXRhLm5hbWV9IikKICBlY2hvICJWaXNpdCBodHRwOi8vMTI3LjAuMC4xOjgwODAgdG8gdXNlIHlvdXIgYXBwbGljYXRpb24iCiAga3ViZWN0bCBwb3J0LWZvcndhcmQgJFBPRF9OQU1FIDgwODA6ODAKe3stIGVuZCB9fQo="
        },
        {
          "filePath": "templates/_helpers.tpl",
          "fileContents": "e3svKiB2aW06IHNldCBmaWxldHlwZT1tdXN0YWNoZTogKi99fQp7ey8qCkV4cGFuZCB0aGUgbmFtZSBvZiB0aGUgY2hhcnQuCiovfX0Ke3stIGRlZmluZSAibW9kaWZ5LWNoYXJ0Lm5hbWUiIC19fQp7ey0gZGVmYXVsdCAuQ2hhcnQuTmFtZSAuVmFsdWVzLm5hbWVPdmVycmlkZSB8IHRydW5jIDYzIHwgdHJpbVN1ZmZpeCAiLSIgLX19Cnt7LSBlbmQgLX19Cgp7ey8qCkNyZWF0ZSBhIGRlZmF1bHQgZnVsbHkgcXVhbGlmaWVkIGFwcCBuYW1lLgpXZSB0cnVuY2F0ZSBhdCA2MyBjaGFycyBiZWNhdXNlIHNvbWUgS3ViZXJuZXRlcyBuYW1lIGZpZWxkcyBhcmUgbGltaXRlZCB0byB0aGlzIChieSB0aGUgRE5TIG5hbWluZyBzcGVjKS4KSWYgcmVsZWFzZSBuYW1lIGNvbnRhaW5zIGNoYXJ0IG5hbWUgaXQgd2lsbCBiZSB1c2VkIGFzIGEgZnVsbCBuYW1lLgoqL319Cnt7LSBkZWZpbmUgIm1vZGlmeS1jaGFydC5mdWxsbmFtZSIgLX19Cnt7LSBpZiAuVmFsdWVzLmZ1bGxuYW1lT3ZlcnJpZGUgLX19Cnt7LSAuVmFsdWVzLmZ1bGxuYW1lT3ZlcnJpZGUgfCB0cnVuYyA2MyB8IHRyaW1TdWZmaXggIi0iIC19fQp7ey0gZWxzZSAtfX0Ke3stICRuYW1lIDo9IGRlZmF1bHQgLkNoYXJ0Lk5hbWUgLlZhbHVlcy5uYW1lT3ZlcnJpZGUgLX19Cnt7LSBpZiBjb250YWlucyAkbmFtZSAuUmVsZWFzZS5OYW1lIC19fQp7ey0gLlJlbGVhc2UuTmFtZSB8IHRydW5jIDYzIHwgdHJpbVN1ZmZpeCAiLSIgLX19Cnt7LSBlbHNlIC19fQp7ey0gcHJpbnRmICIlcy0lcyIgLlJlbGVhc2UuTmFtZSAkbmFtZSB8IHRydW5jIDYzIHwgdHJpbVN1ZmZpeCAiLSIgLX19Cnt7LSBlbmQgLX19Cnt7LSBlbmQgLX19Cnt7LSBlbmQgLX19Cgp7ey8qCkNyZWF0ZSBjaGFydCBuYW1lIGFuZCB2ZXJzaW9uIGFzIHVzZWQgYnkgdGhlIGNoYXJ0IGxhYmVsLgoqL319Cnt7LSBkZWZpbmUgIm1vZGlmeS1jaGFydC5jaGFydCIgLX19Cnt7LSBwcmludGYgIiVzLSVzIiAuQ2hhcnQuTmFtZSAuQ2hhcnQuVmVyc2lvbiB8IHJlcGxhY2UgIisiICJfIiB8IHRydW5jIDYzIHwgdHJpbVN1ZmZpeCAiLSIgLX19Cnt7LSBlbmQgLX19Cg=="
        },
        {
          "filePath": "templates/deployment.yaml",
          "fileContents": "YXBpVmVyc2lvbjogYXBwcy92MWJldGEyCmtpbmQ6IERlcGxveW1lbnQKbWV0YWRhdGE6CiAgbmFtZToge3sgdGVtcGxhdGUgIm1vZGlmeS1jaGFydC5mdWxsbmFtZSIgLiB9fQogIGxhYmVsczoKICAgIGFwcDoge3sgdGVtcGxhdGUgIm1vZGlmeS1jaGFydC5uYW1lIiAuIH19CiAgICBjaGFydDoge3sgdGVtcGxhdGUgIm1vZGlmeS1jaGFydC5jaGFydCIgLiB9fQogICAgcmVsZWFzZToge3sgLlJlbGVhc2UuTmFtZSB9fQogICAgaGVyaXRhZ2U6IHt7IC5SZWxlYXNlLlNlcnZpY2UgfX0Kc3BlYzoKICByZXBsaWNhczoge3sgLlZhbHVlcy5yZXBsaWNhQ291bnQgfX0KICBzZWxlY3RvcjoKICAgIG1hdGNoTGFiZWxzOgogICAgICBhcHA6IHt7IHRlbXBsYXRlICJtb2RpZnktY2hhcnQubmFtZSIgLiB9fQogICAgICByZWxlYXNlOiB7eyAuUmVsZWFzZS5OYW1lIH19CiAgdGVtcGxhdGU6CiAgICBtZXRhZGF0YToKICAgICAgbGFiZWxzOgogICAgICAgIGFwcDoge3sgdGVtcGxhdGUgIm1vZGlmeS1jaGFydC5uYW1lIiAuIH19CiAgICAgICAgcmVsZWFzZToge3sgLlJlbGVhc2UuTmFtZSB9fQogICAgc3BlYzoKICAgICAgY29udGFpbmVyczoKICAgICAgICAtIG5hbWU6IHt7IC5DaGFydC5OYW1lIH19CiAgICAgICAgICBpbWFnZTogInt7IC5WYWx1ZXMuaW1hZ2UucmVwb3NpdG9yeSB9fTp7eyAuVmFsdWVzLmltYWdlLnRhZyB9fSIKICAgICAgICAgIGltYWdlUHVsbFBvbGljeToge3sgLlZhbHVlcy5pbWFnZS5wdWxsUG9saWN5IH19CiAgICAgICAgICBwb3J0czoKICAgICAgICAgICAgLSBuYW1lOiBodHRwCiAgICAgICAgICAgICAgY29udGFpbmVyUG9ydDogODAKICAgICAgICAgICAgICBwcm90b2NvbDogVENQCiAgICAgICAgICBsaXZlbmVzc1Byb2JlOgogICAgICAgICAgICBodHRwR2V0OgogICAgICAgICAgICAgIHBhdGg6IC8KICAgICAgICAgICAgICBwb3J0OiBodHRwCiAgICAgICAgICByZWFkaW5lc3NQcm9iZToKICAgICAgICAgICAgaHR0cEdldDoKICAgICAgICAgICAgICBwYXRoOiAvCiAgICAgICAgICAgICAgcG9ydDogaHR0cAogICAgICAgICAgcmVzb3VyY2VzOgp7eyB0b1lhbWwgLlZhbHVlcy5yZXNvdXJjZXMgfCBpbmRlbnQgMTIgfX0KICAgIHt7LSB3aXRoIC5WYWx1ZXMubm9kZVNlbGVjdG9yIH19CiAgICAgIG5vZGVTZWxlY3RvcjoKe3sgdG9ZYW1sIC4gfCBpbmRlbnQgOCB9fQogICAge3stIGVuZCB9fQogICAge3stIHdpdGggLlZhbHVlcy5hZmZpbml0eSB9fQogICAgICBhZmZpbml0eToKe3sgdG9ZYW1sIC4gfCBpbmRlbnQgOCB9fQogICAge3stIGVuZCB9fQogICAge3stIHdpdGggLlZhbHVlcy50b2xlcmF0aW9ucyB9fQogICAgICB0b2xlcmF0aW9uczoKe3sgdG9ZYW1sIC4gfCBpbmRlbnQgOCB9fQogICAge3stIGVuZCB9fQo="
        },
        {
          "filePath": "templates/ingress.yaml",
          "fileContents": "e3stIGlmIC5WYWx1ZXMuaW5ncmVzcy5lbmFibGVkIC19fQp7ey0gJGZ1bGxOYW1lIDo9IGluY2x1ZGUgIm1vZGlmeS1jaGFydC5mdWxsbmFtZSIgLiAtfX0Ke3stICRpbmdyZXNzUGF0aCA6PSAuVmFsdWVzLmluZ3Jlc3MucGF0aCAtfX0KYXBpVmVyc2lvbjogZXh0ZW5zaW9ucy92MWJldGExCmtpbmQ6IEluZ3Jlc3MKbWV0YWRhdGE6CiAgbmFtZToge3sgJGZ1bGxOYW1lIH19CiAgbGFiZWxzOgogICAgYXBwOiB7eyB0ZW1wbGF0ZSAibW9kaWZ5LWNoYXJ0Lm5hbWUiIC4gfX0KICAgIGNoYXJ0OiB7eyB0ZW1wbGF0ZSAibW9kaWZ5LWNoYXJ0LmNoYXJ0IiAuIH19CiAgICByZWxlYXNlOiB7eyAuUmVsZWFzZS5OYW1lIH19CiAgICBoZXJpdGFnZToge3sgLlJlbGVhc2UuU2VydmljZSB9fQp7ey0gd2l0aCAuVmFsdWVzLmluZ3Jlc3MuYW5ub3RhdGlvbnMgfX0KICBhbm5vdGF0aW9uczoKe3sgdG9ZYW1sIC4gfCBpbmRlbnQgNCB9fQp7ey0gZW5kIH19CnNwZWM6Cnt7LSBpZiAuVmFsdWVzLmluZ3Jlc3MudGxzIH19CiAgdGxzOgogIHt7LSByYW5nZSAuVmFsdWVzLmluZ3Jlc3MudGxzIH19CiAgICAtIGhvc3RzOgogICAgICB7ey0gcmFuZ2UgLmhvc3RzIH19CiAgICAgICAgLSB7eyAuIH19CiAgICAgIHt7LSBlbmQgfX0KICAgICAgc2VjcmV0TmFtZToge3sgLnNlY3JldE5hbWUgfX0KICB7ey0gZW5kIH19Cnt7LSBlbmQgfX0KICBydWxlczoKICB7ey0gcmFuZ2UgLlZhbHVlcy5pbmdyZXNzLmhvc3RzIH19CiAgICAtIGhvc3Q6IHt7IC4gfX0KICAgICAgaHR0cDoKICAgICAgICBwYXRoczoKICAgICAgICAgIC0gcGF0aDoge3sgJGluZ3Jlc3NQYXRoIH19CiAgICAgICAgICAgIGJhY2tlbmQ6CiAgICAgICAgICAgICAgc2VydmljZU5hbWU6IHt7ICRmdWxsTmFtZSB9fQogICAgICAgICAgICAgIHNlcnZpY2VQb3J0OiBodHRwCiAge3stIGVuZCB9fQp7ey0gZW5kIH19Cg=="
        },
        {
          "filePath": "templates/service.yaml",
          "fileContents": "YXBpVmVyc2lvbjogdjEKa2luZDogU2VydmljZQptZXRhZGF0YToKICBuYW1lOiB7eyB0ZW1wbGF0ZSAibW9kaWZ5LWNoYXJ0LmZ1bGxuYW1lIiAuIH19CiAgbGFiZWxzOgogICAgYXBwOiB7eyB0ZW1wbGF0ZSAibW9kaWZ5LWNoYXJ0Lm5hbWUiIC4gfX0KICAgIGNoYXJ0OiB7eyB0ZW1wbGF0ZSAibW9kaWZ5LWNoYXJ0LmNoYXJ0IiAuIH19CiAgICByZWxlYXNlOiB7eyAuUmVsZWFzZS5OYW1lIH19CiAgICBoZXJpdGFnZToge3sgLlJlbGVhc2UuU2VydmljZSB9fQpzcGVjOgogIHR5cGU6IHt7IC5WYWx1ZXMuc2VydmljZS50eXBlIH19CiAgcG9ydHM6CiAgICAtIHBvcnQ6IHt7IC5WYWx1ZXMuc2VydmljZS5wb3J0IH19CiAgICAgIHRhcmdldFBvcnQ6IGh0dHAKICAgICAgcHJvdG9jb2w6IFRDUAogICAgICBuYW1lOiBodHRwCiAgc2VsZWN0b3I6CiAgICBhcHA6IHt7IHRlbXBsYXRlICJtb2RpZnktY2hhcnQubmFtZSIgLiB9fQogICAgcmVsZWFzZToge3sgLlJlbGVhc2UuTmFtZSB9fQo="
        },
        {
          "filePath": "values.yaml",
          "fileContents": "IyBEZWZhdWx0IHZhbHVlcyBmb3IgbW9kaWZ5LWNoYXJ0LgojIFRoaXMgaXMgYSBZQU1MLWZvcm1hdHRlZCBmaWxlLgojIERlY2xhcmUgdmFyaWFibGVzIHRvIGJlIHBhc3NlZCBpbnRvIHlvdXIgdGVtcGxhdGVzLgoKcmVwbGljYUNvdW50OiAyCgppbWFnZToKICByZXBvc2l0b3J5OiBuZ2lueAogIHRhZzogc3RhYmxlCiAgcHVsbFBvbGljeTogSWZOb3RQcmVzZW50CgpzZXJ2aWNlOgogIHR5cGU6IENsdXN0ZXJJUAogIHBvcnQ6IDgwCgppbmdyZXNzOgogIGVuYWJsZWQ6IGZhbHNlCiAgYW5ub3RhdGlvbnM6IHt9CiAgICAjIGt1YmVybmV0ZXMuaW8vaW5ncmVzcy5jbGFzczogbmdpbngKICAgICMga3ViZXJuZXRlcy5pby90bHMtYWNtZTogInRydWUiCiAgcGF0aDogLwogIGhvc3RzOgogICAgLSBjaGFydC1leGFtcGxlLmxvY2FsCiAgdGxzOiBbXQogICMgIC0gc2VjcmV0TmFtZTogY2hhcnQtZXhhbXBsZS10bHMKICAjICAgIGhvc3RzOgogICMgICAgICAtIGNoYXJ0LWV4YW1wbGUubG9jYWwKCnJlc291cmNlczoge30KICAjIFdlIHVzdWFsbHkgcmVjb21tZW5kIG5vdCB0byBzcGVjaWZ5IGRlZmF1bHQgcmVzb3VyY2VzIGFuZCB0byBsZWF2ZSB0aGlzIGFzIGEgY29uc2Npb3VzCiAgIyBjaG9pY2UgZm9yIHRoZSB1c2VyLiBUaGlzIGFsc28gaW5jcmVhc2VzIGNoYW5jZXMgY2hhcnRzIHJ1biBvbiBlbnZpcm9ubWVudHMgd2l0aCBsaXR0bGUKICAjIHJlc291cmNlcywgc3VjaCBhcyBNaW5pa3ViZS4gSWYgeW91IGRvIHdhbnQgdG8gc3BlY2lmeSByZXNvdXJjZXMsIHVuY29tbWVudCB0aGUgZm9sbG93aW5nCiAgIyBsaW5lcywgYWRqdXN0IHRoZW0gYXMgbmVjZXNzYXJ5LCBhbmQgcmVtb3ZlIHRoZSBjdXJseSBicmFjZXMgYWZ0ZXIgJ3Jlc291cmNlczonLgogICMgbGltaXRzOgogICMgIGNwdTogMTAwbQogICMgIG1lbW9yeTogMTI4TWkKICAjIHJlcXVlc3RzOgogICMgIGNwdTogMTAwbQogICMgIG1lbW9yeTogMTI4TWkKCm5vZGVTZWxlY3Rvcjoge30KCnRvbGVyYXRpb25zOiBbXQoKYWZmaW5pdHk6IHt9Cg=="
        }
      ]
    },
    "contentSHA": "2edaa11e6484166ba7b70eea99933f027ce04a96006af8e56e729b65efc3cb53"
  }
}
