{
  "v1": {
    "config": {},
    "upstream": "__upstream__",
    "contentSHA": "6faeec976f37e880c5e70cf578412a57fbfda3b35bf8e6f73221fe5fe88f1058",
    "metadata": {
      "applicationType": "replicated.app",
      "customerID": "__customerID__",
      "installationID": "__installationID__",
      "license": {
        "assignee": "",
        "createdAt": "0001-01-01T00:00:00Z",
        "expiresAt": "0001-01-01T00:00:00Z",
        "id": "",
        "type": ""
      },
      "releaseNotes": "integration tests",
      "sequence": 0,
      "version": "1.0.2"
    },
    "releaseName": "integration-replicated-app-basic"
  }
}
